// Jest Snapshot v1, https://goo.gl/fbAQLP

exports[`<Cabecalho /> matches last snapshot not right icon 1`] = `
<View
  hasBorderBottom={false}
  style={
    Array [
      Object {
        "alignItems": "center",
        "backgroundColor": "#56AA69",
        "borderBottomColor": "#F5F4F4",
        "borderBottomWidth": 0,
        "flexDirection": "row",
        "paddingBottom": 10,
        "paddingLeft": 30,
        "paddingRight": 30,
        "paddingTop": 20,
        "width": "100%",
      },
    ]
  }
>
  <View
    style={
      Array [
        Object {
          "flexBasis": 0,
          "flexGrow": 1,
          "flexShrink": 1,
        },
      ]
    }
  >
    <Text
      allowFontScaling={false}
      onPress={[Function]}
      style={
        Array [
          Object {
            "color": "#FFFFFF",
            "fontSize": 25,
          },
          Array [
            Object {},
          ],
          Object {
            "fontFamily": "Feather",
            "fontStyle": "normal",
            "fontWeight": "normal",
          },
          Object {},
        ]
      }
    >
      
    </Text>
  </View>
  <View
    style={
      Array [
        Object {
          "flexBasis": 0,
          "flexDirection": "row-reverse",
          "flexGrow": 1,
          "flexShrink": 1,
        },
      ]
    }
  />
</View>
`;

exports[`<Cabecalho /> matches last snapshot right icon 1`] = `
<View
  hasBorderBottom={false}
  style={
    Array [
      Object {
        "alignItems": "center",
        "backgroundColor": "#56AA69",
        "borderBottomColor": "#F5F4F4",
        "borderBottomWidth": 0,
        "flexDirection": "row",
        "paddingBottom": 10,
        "paddingLeft": 30,
        "paddingRight": 30,
        "paddingTop": 20,
        "width": "100%",
      },
    ]
  }
>
  <View
    style={
      Array [
        Object {
          "flexBasis": 0,
          "flexGrow": 1,
          "flexShrink": 1,
        },
      ]
    }
  >
    <Text
      allowFontScaling={false}
      onPress={[Function]}
      style={
        Array [
          Object {
            "color": "#FFFFFF",
            "fontSize": 25,
          },
          Array [
            Object {},
          ],
          Object {
            "fontFamily": "Feather",
            "fontStyle": "normal",
            "fontWeight": "normal",
          },
          Object {},
        ]
      }
    >
      
    </Text>
  </View>
  <View
    style={
      Array [
        Object {
          "flexBasis": 0,
          "flexDirection": "row-reverse",
          "flexGrow": 1,
          "flexShrink": 1,
        },
      ]
    }
  >
    <Text
      allowFontScaling={false}
      style={
        Array [
          Object {
            "color": "#FFFFFF",
            "fontSize": 25,
          },
          Array [
            Object {},
          ],
          Object {
            "fontFamily": "Feather",
            "fontStyle": "normal",
            "fontWeight": "normal",
          },
          Object {},
        ]
      }
    >
      
    </Text>
  </View>
</View>
`;
