// Jest Snapshot v1, https://goo.gl/fbAQLP

exports[`<CartaoEquipamentoLocal /> matches last snapshot 1`] = `
<View
  accessible={true}
  focusable={false}
  onClick={[Function]}
  onResponderGrant={[Function]}
  onResponderMove={[Function]}
  onResponderRelease={[Function]}
  onResponderTerminate={[Function]}
  onResponderTerminationRequest={[Function]}
  onStartShouldSetResponder={[Function]}
  style={
    Object {
      "backgroundColor": "#FFFFFF",
      "flexDirection": "row",
      "marginBottom": 0,
      "marginLeft": 0,
      "marginRight": 0,
      "marginTop": 0,
      "opacity": 1,
      "paddingBottom": 10,
      "paddingLeft": 10,
      "paddingRight": 10,
      "paddingTop": 10,
    }
  }
>
  <View
    style={
      Array [
        Object {
          "alignItems": "flex-start",
          "flexBasis": 0,
          "flexGrow": 0.8,
          "flexShrink": 1,
          "justifyContent": "center",
        },
      ]
    }
  >
    <Text
      style={
        Array [
          Object {
            "color": "#3C3C3C",
            "fontFamily": "Proxima-Bold",
            "fontSize": 16,
            "fontWeight": "500",
          },
        ]
      }
    >
       - 
    </Text>
  </View>
  <View
    style={
      Array [
        Object {
          "alignItems": "flex-end",
          "flexBasis": 0,
          "flexGrow": 0.2,
          "flexShrink": 1,
          "justifyContent": "center",
        },
      ]
    }
  >
    <Text
      style={
        Array [
          Object {
            "color": "#515151",
            "fontFamily": "Proxima-Semibold",
            "fontSize": 14.5,
            "fontWeight": "400",
          },
        ]
      }
    >
      
    </Text>
  </View>
</View>
`;
