// Jest Snapshot v1, https://goo.gl/fbAQLP

exports[`<CartaoSimples /> matches last snapshot 1`] = `
<View
  accessible={true}
  focusable={false}
  onClick={[Function]}
  onResponderGrant={[Function]}
  onResponderMove={[Function]}
  onResponderRelease={[Function]}
  onResponderTerminate={[Function]}
  onResponderTerminationRequest={[Function]}
  onStartShouldSetResponder={[Function]}
  style={
    Object {
      "alignItems": "center",
      "backgroundColor": "#FFFFFF",
      "borderRadius": 5,
      "flexDirection": "row",
      "justifyContent": "space-between",
      "marginBottom": 0,
      "marginLeft": 0,
      "marginRight": 0,
      "marginTop": 0,
      "minHeight": 50,
      "opacity": 1,
      "paddingBottom": 10,
      "paddingLeft": 20,
      "paddingRight": 10,
      "paddingTop": 10,
    }
  }
>
  <View
    style={
      Array [
        Object {
          "flexBasis": 0,
          "flexGrow": 1,
          "flexShrink": 1,
        },
      ]
    }
  >
    <Text
      style={
        Array [
          Object {
            "color": "#3C3C3C",
            "fontFamily": "Proxima-Semibold",
            "fontSize": 14,
            "fontWeight": "400",
          },
        ]
      }
    >
      
    </Text>
  </View>
  <View
    style={
      Array [
        Object {
          "flexBasis": 0,
          "flexGrow": 0.1,
          "flexShrink": 1,
        },
      ]
    }
  >
    <Text
      allowFontScaling={false}
      style={
        Array [
          Object {
            "color": "#3C3C3C",
            "fontSize": 25,
          },
          Array [
            Object {},
          ],
          Object {
            "fontFamily": "Feather",
            "fontStyle": "normal",
            "fontWeight": "normal",
          },
          Object {},
        ]
      }
    >
      ï„‚
    </Text>
  </View>
</View>
`;
