// Jest Snapshot v1, https://goo.gl/fbAQLP

exports[`<CartaoEquipamento /> matches last snapshot 1`] = `
<View
  style={
    Array [
      Object {
        "backgroundColor": "#FFFFFF",
        "borderRadius": 5,
        "marginBottom": 10,
      },
    ]
  }
>
  <View
    style={
      Array [
        Object {
          "alignItems": "center",
          "flexBasis": 0,
          "flexDirection": "row",
          "flexGrow": 1,
          "flexShrink": 1,
          "justifyContent": "space-between",
        },
      ]
    }
  >
    <Text
      style={
        Array [
          Object {
            "color": "#3C3C3C",
            "fontFamily": "Proxima-Bold",
            "fontSize": 16,
            "fontWeight": "500",
            "marginBottom": 10,
            "marginLeft": 10,
            "marginRight": 10,
            "marginTop": 10,
          },
        ]
      }
    >
      
    </Text>
  </View>
  <View
    style={
      Array [
        Object {
          "paddingBottom": 10,
          "paddingLeft": 10,
          "paddingRight": 10,
          "paddingTop": 10,
        },
      ]
    }
  >
    <View
      style={
        Array [
          Object {
            "alignItems": "center",
            "flexBasis": 0,
            "flexDirection": "row",
            "flexGrow": 1,
            "flexShrink": 1,
            "justifyContent": "space-between",
          },
        ]
      }
    >
      <Text
        style={
          Array [
            Object {
              "color": "#8F8F8F",
              "fontFamily": "Proxima-Semibold",
              "fontSize": 14.5,
              "fontWeight": "600",
            },
          ]
        }
      >
        [missing "en.components.equipmentCard.placementDate" translation]
      </Text>
      <Text
        style={
          Array [
            Object {
              "color": "#8F8F8F",
              "fontFamily": "Proxima-Semibold",
              "fontSize": 14.5,
              "fontWeight": "600",
            },
          ]
        }
      >
        -
      </Text>
    </View>
    <View
      style={
        Array [
          Object {
            "alignItems": "center",
            "flexBasis": 0,
            "flexDirection": "row",
            "flexGrow": 1,
            "flexShrink": 1,
            "justifyContent": "space-between",
          },
        ]
      }
    >
      <Text
        style={
          Array [
            Object {
              "color": "#8F8F8F",
              "fontFamily": "Proxima-Semibold",
              "fontSize": 14.5,
              "fontWeight": "600",
            },
          ]
        }
      >
        [missing "en.components.equipmentCard.driveCode" translation]
      </Text>
      <Text
        style={
          Array [
            Object {
              "color": "#8F8F8F",
              "fontFamily": "Proxima-Semibold",
              "fontSize": 14.5,
              "fontWeight": "600",
            },
          ]
        }
      >
        -
      </Text>
    </View>
  </View>
  <View
    style={
      Array [
        Object {
          "alignItems": "center",
          "flexBasis": 0,
          "flexDirection": "row",
          "flexGrow": 1,
          "flexShrink": 1,
          "justifyContent": "space-between",
        },
      ]
    }
  >
    <View
      accessible={true}
      focusable={false}
      onClick={[Function]}
      onResponderGrant={[Function]}
      onResponderMove={[Function]}
      onResponderRelease={[Function]}
      onResponderTerminate={[Function]}
      onResponderTerminationRequest={[Function]}
      onStartShouldSetResponder={[Function]}
      style={
        Object {
          "alignItems": "center",
          "borderBottomLeftRadius": 5,
          "borderColor": "#E2E2E2",
          "borderTopWidth": 1,
          "flexBasis": 0,
          "flexGrow": 1,
          "flexShrink": 1,
          "justifyContent": "center",
          "minHeight": 40,
          "opacity": 1,
        }
      }
    >
      <Text
        color="#56AA69"
        style={
          Array [
            Object {
              "color": "#56AA69",
              "fontFamily": "Proxima-Bold",
              "fontSize": 16,
              "fontWeight": "500",
            },
          ]
        }
      >
        [missing "en.components.equipmentCard.replace" translation]
      </Text>
    </View>
    <View
      accessible={true}
      focusable={false}
      onClick={[Function]}
      onResponderGrant={[Function]}
      onResponderMove={[Function]}
      onResponderRelease={[Function]}
      onResponderTerminate={[Function]}
      onResponderTerminationRequest={[Function]}
      onStartShouldSetResponder={[Function]}
      style={
        Object {
          "alignItems": "center",
          "borderBottomRightRadius": 5,
          "borderColor": "#E2E2E2",
          "borderLeftWidth": 1,
          "borderTopWidth": 1,
          "flexBasis": 0,
          "flexGrow": 1,
          "flexShrink": 1,
          "justifyContent": "center",
          "minHeight": 40,
          "opacity": 1,
        }
      }
    >
      <Text
        color="#F91E1E"
        style={
          Array [
            Object {
              "color": "#F91E1E",
              "fontFamily": "Proxima-Bold",
              "fontSize": 16,
              "fontWeight": "500",
            },
          ]
        }
      >
        [missing "en.components.equipmentCard.remove" translation]
      </Text>
    </View>
  </View>
</View>
`;
