// Jest Snapshot v1, https://goo.gl/fbAQLP

exports[`<DropDownOptions /> matches last snapshot 1`] = `
<View
  style={
    Array [
      Object {},
      Object {
        "zIndex": 5000,
      },
    ]
  }
>
  <View
    accessible={true}
    focusable={true}
    onClick={[Function]}
    onLayout={[Function]}
    onResponderGrant={[Function]}
    onResponderMove={[Function]}
    onResponderRelease={[Function]}
    onResponderTerminate={[Function]}
    onResponderTerminationRequest={[Function]}
    onStartShouldSetResponder={[Function]}
    style={
      Object {
        "alignItems": "center",
        "backgroundColor": "#FFFFFF",
        "borderBottomLeftRadius": 5,
        "borderBottomRightRadius": 5,
        "borderColor": "black",
        "borderStyle": "solid",
        "borderTopLeftRadius": 5,
        "borderTopRightRadius": 5,
        "borderWidth": 0,
        "flex": 1,
        "flexDirection": "row",
        "marginBottom": 45,
        "marginLeft": 0,
        "marginRight": 0,
        "marginTop": 0,
        "minHeight": 50,
        "opacity": 1,
        "paddingHorizontal": 10,
        "paddingVertical": 5,
      }
    }
  >
    <Text
      style={
        Array [
          Object {
            "color": "#000",
          },
          Object {},
          Object {
            "flex": 1,
            "opacity": 1,
          },
          Object {
            "marginLeft": 5,
            "marginRight": 0,
          },
          [Function],
          Object {
            "color": "#3C3C3C",
            "flex": 0.98,
            "marginLeft": 10,
            "marginRight": 10,
          },
          false,
          Object {},
        ]
      }
    >
      
    </Text>
    <View
      style={
        Array [
          Object {
            "alignItems": "center",
            "borderBottomLeftRadius": 0,
            "borderTopLeftRadius": 0,
            "flexDirection": "row",
            "justifyContent": "center",
            "paddingVertical": 8,
          },
        ]
      }
    >
      <View
        style={
          Array [
            Object {},
            Object {
              "opacity": 1,
            },
          ]
        }
      >
        <Text
          allowFontScaling={false}
          style={
            Array [
              Object {
                "color": "#000",
                "fontSize": 25,
              },
              undefined,
              Object {
                "fontFamily": "Feather",
                "fontStyle": "normal",
                "fontWeight": "normal",
              },
              Object {},
            ]
          }
        >
          ï„®
        </Text>
      </View>
    </View>
  </View>
  <View
    style={
      Array [
        Object {
          "alignItems": "center",
          "backgroundColor": "#fff",
          "borderBottomLeftRadius": 5,
          "borderBottomRightRadius": 5,
          "borderColor": "#dfdfdf",
          "borderTopLeftRadius": 5,
          "borderTopRightRadius": 5,
          "borderWidth": 1,
          "paddingHorizontal": 10,
          "paddingVertical": 5,
        },
        Object {
          "alignItems": "center",
          "borderTopLeftRadius": 0,
          "borderTopRightRadius": 0,
          "justifyContent": "center",
          "position": "absolute",
          "width": "100%",
        },
        Object {
          "backgroundColor": "#FFFFFF",
        },
        Object {
          "borderWidth": 0,
          "display": "none",
          "position": "relative",
        },
        Object {
          "maxHeight": 150,
          "top": undefined,
          "zIndex": 5000,
        },
      ]
    }
  >
    <RCTScrollView
      nestedScrollEnabled={true}
      style={
        Object {
          "width": "100%",
        }
      }
    >
      <View>
        <View
          onLayout={[Function]}
        >
          <View
            accessible={true}
            focusable={true}
            onClick={[Function]}
            onResponderGrant={[Function]}
            onResponderMove={[Function]}
            onResponderRelease={[Function]}
            onResponderTerminate={[Function]}
            onResponderTerminationRequest={[Function]}
            onStartShouldSetResponder={[Function]}
            style={
              Object {
                "alignItems": "center",
                "borderBottomColor": "#F5F4F4",
                "borderBottomWidth": 1,
                "flexDirection": "row",
                "justifyContent": "center",
                "minHeight": 50,
                "opacity": 1,
                "paddingVertical": 8,
                "width": "100%",
              }
            }
          >
            <View
              style={
                Object {
                  "alignContent": "center",
                  "flexDirection": "row",
                }
              }
            >
              <Text
                style={
                  Array [
                    Object {},
                    Object {
                      "color": "#3C3C3C",
                      "flex": 0.98,
                      "marginLeft": 10,
                      "marginRight": 10,
                    },
                    false,
                    Object {},
                  ]
                }
              >
                1
              </Text>
            </View>
          </View>
        </View>
        <View
          onLayout={[Function]}
        >
          <View
            accessible={true}
            focusable={true}
            onClick={[Function]}
            onResponderGrant={[Function]}
            onResponderMove={[Function]}
            onResponderRelease={[Function]}
            onResponderTerminate={[Function]}
            onResponderTerminationRequest={[Function]}
            onStartShouldSetResponder={[Function]}
            style={
              Object {
                "alignItems": "center",
                "borderBottomColor": "#F5F4F4",
                "borderBottomWidth": 1,
                "flexDirection": "row",
                "justifyContent": "center",
                "minHeight": 50,
                "opacity": 1,
                "paddingVertical": 8,
                "width": "100%",
              }
            }
          >
            <View
              style={
                Object {
                  "alignContent": "center",
                  "flexDirection": "row",
                }
              }
            >
              <Text
                style={
                  Array [
                    Object {},
                    Object {
                      "color": "#3C3C3C",
                      "flex": 0.98,
                      "marginLeft": 10,
                      "marginRight": 10,
                    },
                    false,
                    Object {},
                  ]
                }
              >
                2
              </Text>
            </View>
          </View>
        </View>
      </View>
    </RCTScrollView>
  </View>
</View>
`;
