// Jest Snapshot v1, https://goo.gl/fbAQLP

exports[`<Loading /> matches last snapshot 1`] = `null`;
