// Jest Snapshot v1, https://goo.gl/fbAQLP

exports[`<SincronizacaoAlert /> matches last snapshot 1`] = `
<Modal
  animationType="fade"
  hardwareAccelerated={false}
  style={
    Array [
      Object {},
    ]
  }
  transparent={true}
  visible={false}
>
  <View
    style={
      Array [
        Object {
          "alignItems": "center",
          "backgroundColor": "rgba(0, 0, 0, 0.5)",
          "flexBasis": 0,
          "flexGrow": 1,
          "flexShrink": 1,
          "justifyContent": "center",
          "position": "relative",
        },
      ]
    }
  >
    <View
      style={
        Array [
          Object {
            "alignItems": "center",
            "backgroundColor": "#FFFFFF",
            "borderRadius": 10,
            "justifyContent": "center",
            "minHeight": 150,
            "width": "80%",
          },
        ]
      }
    >
      <View
        style={
          Array [
            Object {
              "alignItems": "center",
              "flexBasis": 0,
              "flexDirection": "row",
              "flexGrow": 0.5,
              "flexShrink": 1,
              "paddingTop": 5,
              "width": "100%",
            },
          ]
        }
      >
        <Text
          style={
            Array [
              Object {
                "color": "#3C3C3C",
                "flexBasis": 0,
                "flexGrow": 1,
                "flexShrink": 1,
                "fontFamily": "Proxima-Bold",
                "fontSize": 16,
                "fontWeight": "500",
                "textAlign": "center",
              },
            ]
          }
        >
          [missing "en.components.synchronization.title" translation]
        </Text>
      </View>
      <View
        style={
          Array [
            Object {
              "alignItems": "center",
              "flexBasis": 0,
              "flexGrow": 1,
              "flexShrink": 1,
              "justifyContent": "center",
              "paddingLeft": 20,
              "paddingRight": 20,
              "width": "100%",
            },
          ]
        }
      >
        <Text
          style={
            Array [
              Object {
                "color": "#3C3C3C",
                "fontFamily": "Proxima-Bold",
                "fontSize": 16,
                "fontWeight": "500",
                "textAlign": "center",
              },
            ]
          }
        >
          [missing "en.components.synchronization.starting" translation]
        </Text>
      </View>
      <View
        style={
          Array [
            Object {
              "alignItems": "center",
              "justifyContent": "center",
              "paddingBottom": 20,
            },
          ]
        }
      >
        <View
          accessibilityRole="progressbar"
          accessibilityState={
            Object {
              "busy": true,
            }
          }
          accessible={true}
          style={
            Array [
              Object {
                "alignItems": "center",
                "justifyContent": "center",
              },
              undefined,
            ]
          }
        >
          <View
            collapsable={false}
            style={
              Object {
                "height": 20,
                "opacity": 1,
                "width": 20,
              }
            }
          >
            <View
              style={
                Object {
                  "alignItems": "center",
                  "bottom": 0,
                  "justifyContent": "center",
                  "left": 0,
                  "position": "absolute",
                  "right": 0,
                  "top": 0,
                }
              }
            >
              <View
                style={
                  Object {
                    "height": 20,
                    "transform": Array [
                      Object {
                        "rotate": "45deg",
                      },
                    ],
                    "width": 20,
                  }
                }
              >
                <View
                  collapsable={false}
                  style={
                    Object {
                      "height": 10,
                      "overflow": "hidden",
                      "width": 20,
                    }
                  }
                >
                  <View
                    style={
                      Object {
                        "height": 20,
                        "transform": Array [
                          Object {
                            "translateY": 0,
                          },
                          Object {
                            "rotate": "-165deg",
                          },
                        ],
                        "width": 20,
                      }
                    }
                  >
                    <View
                      collapsable={false}
                      style={
                        Object {
                          "height": 10,
                          "overflow": "hidden",
                          "width": 20,
                        }
                      }
                    >
                      <View
                        style={
                          Object {
                            "borderColor": "#E2E2E2",
                            "borderRadius": 10,
                            "borderWidth": 2,
                            "height": 20,
                            "width": 20,
                          }
                        }
                      />
                    </View>
                  </View>
                </View>
              </View>
            </View>
            <View
              style={
                Object {
                  "alignItems": "center",
                  "bottom": 0,
                  "justifyContent": "center",
                  "left": 0,
                  "position": "absolute",
                  "right": 0,
                  "top": 0,
                }
              }
            >
              <View
                style={
                  Object {
                    "height": 20,
                    "transform": Array [
                      Object {
                        "rotate": "45deg",
                      },
                    ],
                    "width": 20,
                  }
                }
              >
                <View
                  collapsable={false}
                  style={
                    Object {
                      "height": 10,
                      "overflow": "hidden",
                      "top": 10,
                      "width": 20,
                    }
                  }
                >
                  <View
                    style={
                      Object {
                        "height": 20,
                        "transform": Array [
                          Object {
                            "translateY": -10,
                          },
                          Object {
                            "rotate": "345deg",
                          },
                        ],
                        "width": 20,
                      }
                    }
                  >
                    <View
                      collapsable={false}
                      style={
                        Object {
                          "height": 10,
                          "overflow": "hidden",
                          "width": 20,
                        }
                      }
                    >
                      <View
                        style={
                          Object {
                            "borderColor": "#E2E2E2",
                            "borderRadius": 10,
                            "borderWidth": 2,
                            "height": 20,
                            "width": 20,
                          }
                        }
                      />
                    </View>
                  </View>
                </View>
              </View>
            </View>
          </View>
        </View>
      </View>
    </View>
  </View>
</Modal>
`;
