// Jest Snapshot v1, https://goo.gl/fbAQLP

exports[`<TelaAlterarSenha /> matches last snapshot 1`] = `
Array [
  <View
    hasBorderBottom={false}
    style={
      Array [
        Object {
          "alignItems": "center",
          "backgroundColor": "#56AA69",
          "borderBottomColor": "#F5F4F4",
          "borderBottomWidth": 0,
          "flexDirection": "row",
          "paddingBottom": 10,
          "paddingLeft": 30,
          "paddingRight": 30,
          "paddingTop": 20,
          "width": "100%",
        },
      ]
    }
  >
    <View
      style={
        Array [
          Object {
            "flexBasis": 0,
            "flexGrow": 1,
            "flexShrink": 1,
          },
        ]
      }
    >
      <Text
        allowFontScaling={false}
        onPress={[Function]}
        style={
          Array [
            Object {
              "color": "#FFFFFF",
              "fontSize": 25,
            },
            Array [
              Object {},
            ],
            Object {
              "fontFamily": "Feather",
              "fontStyle": "normal",
              "fontWeight": "normal",
            },
            Object {},
          ]
        }
      >
        ÔÑê
      </Text>
    </View>
    <Text
      style={
        Array [
          Object {
            "color": "#FFFFFF",
            "fontFamily": "Proxima-Bold",
            "fontSize": 16,
            "fontWeight": "500",
          },
        ]
      }
    >
      [missing "en.screens.changePassword.title" translation]
    </Text>
    <View
      style={
        Array [
          Object {
            "flexBasis": 0,
            "flexDirection": "row-reverse",
            "flexGrow": 1,
            "flexShrink": 1,
          },
        ]
      }
    />
  </View>,
  <View
    style={
      Array [
        Object {
          "backgroundColor": "#F5F4F4",
          "flexBasis": 0,
          "flexGrow": 1,
          "flexShrink": 1,
        },
      ]
    }
  >
    <RCTScrollView
      contentContainerStyle={
        Object {
          "padding": 20,
        }
      }
      showsVerticalScrollIndicator={false}
      style={
        Array [
          Object {},
        ]
      }
      vertical={true}
    >
      <View>
        <View
          marginBottom={0}
          marginLeft={0}
          marginRight={0}
          marginTop={0}
          style={
            Array [
              Object {
                "backgroundColor": "#FFFFFF",
                "borderRadius": 5,
                "marginBottom": 0,
                "marginLeft": 0,
                "marginRight": 0,
                "marginTop": 0,
              },
            ]
          }
        >
          <View
            style={
              Array [
                Object {
                  "flexDirection": "row",
                  "justifyContent": "space-between",
                  "paddingBottom": 0,
                  "paddingLeft": 20,
                  "paddingRight": 10,
                  "paddingTop": 10,
                },
              ]
            }
          >
            <Text
              style={
                Array [
                  Object {
                    "color": "#3C3C3C",
                    "fontFamily": "Proxima-Bold",
                    "fontSize": 16,
                    "fontWeight": "500",
                  },
                ]
              }
            >
              [missing "en.screens.changePassword.form.currentPassword" translation]
            </Text>
          </View>
          <View
            paddingBottom={10}
            paddingLeft={20}
            paddingRight={20}
            paddingTop={10}
            style={
              Array [
                Object {
                  "alignItems": "flex-start",
                  "paddingBottom": 10,
                  "paddingLeft": 20,
                  "paddingRight": 20,
                  "paddingTop": 10,
                },
              ]
            }
          >
            <View
              backgroundColor="#F5F4F4"
              borderLeftDown={5}
              borderLeftUp={5}
              borderRightDown={5}
              borderRightUp={5}
              marginBottom={0}
              marginLeft={0}
              marginRight={0}
              marginTop={0}
              style={
                Array [
                  Object {
                    "alignItems": "center",
                    "backgroundColor": "#F5F4F4",
                    "borderBottomLeftRadius": 5,
                    "borderBottomRightRadius": 5,
                    "borderColor": "#F91E1E",
                    "borderTopLeftRadius": 5,
                    "borderTopRightRadius": 5,
                    "borderWidth": 0,
                    "flexBasis": 0,
                    "flexDirection": "row",
                    "flexGrow": 1,
                    "flexShrink": 1,
                    "justifyContent": "center",
                    "marginBottom": 0,
                    "marginLeft": 0,
                    "marginRight": 0,
                    "marginTop": 0,
                    "minHeight": 50,
                    "paddingLeft": 10,
                  },
                ]
              }
              temErro={false}
            >
              <TextInput
                allowFontScaling={true}
                autoCorrect={false}
                editable={true}
                keyboardType="default"
                onChangeText={[Function]}
                placeholder="[missing \\"en.screens.changePassword.form.currentPasswordPlaceholder\\" translation]"
                placeholderTextColor="#B7BCC3"
                rejectResponderTermination={true}
                secureTextEntry={true}
                style={
                  Array [
                    Object {
                      "color": "#3C3C3C",
                      "flexBasis": 0,
                      "flexGrow": 1,
                      "flexShrink": 1,
                      "height": 40,
                      "paddingLeft": 10,
                      "width": "100%",
                    },
                  ]
                }
                underlineColorAndroid="transparent"
              />
            </View>
            <Text
              style={
                Array [
                  Object {
                    "color": "#3C3C3C",
                    "fontFamily": "Proxima-Bold",
                    "fontSize": 16,
                    "fontWeight": "500",
                    "paddingBottom": 10,
                    "paddingLeft": 0,
                    "paddingRight": 0,
                    "paddingTop": 10,
                  },
                ]
              }
            >
              [missing "en.screens.changePassword.form.newPassword" translation]
            </Text>
            <View
              backgroundColor="#F5F4F4"
              borderLeftDown={5}
              borderLeftUp={5}
              borderRightDown={5}
              borderRightUp={5}
              marginBottom={0}
              marginLeft={0}
              marginRight={0}
              marginTop={0}
              style={
                Array [
                  Object {
                    "alignItems": "center",
                    "backgroundColor": "#F5F4F4",
                    "borderBottomLeftRadius": 5,
                    "borderBottomRightRadius": 5,
                    "borderColor": "#F91E1E",
                    "borderTopLeftRadius": 5,
                    "borderTopRightRadius": 5,
                    "borderWidth": 0,
                    "flexBasis": 0,
                    "flexDirection": "row",
                    "flexGrow": 1,
                    "flexShrink": 1,
                    "justifyContent": "center",
                    "marginBottom": 0,
                    "marginLeft": 0,
                    "marginRight": 0,
                    "marginTop": 0,
                    "minHeight": 50,
                    "paddingLeft": 10,
                  },
                ]
              }
              temErro={false}
            >
              <TextInput
                allowFontScaling={true}
                autoCorrect={false}
                editable={true}
                keyboardType="default"
                onChangeText={[Function]}
                placeholder="[missing \\"en.screens.changePassword.form.newPasswordPlaceholder\\" translation]"
                placeholderTextColor="#B7BCC3"
                rejectResponderTermination={true}
                secureTextEntry={true}
                style={
                  Array [
                    Object {
                      "color": "#3C3C3C",
                      "flexBasis": 0,
                      "flexGrow": 1,
                      "flexShrink": 1,
                      "height": 40,
                      "paddingLeft": 10,
                      "width": "100%",
                    },
                  ]
                }
                underlineColorAndroid="transparent"
              />
            </View>
            <Text
              style={
                Array [
                  Object {
                    "color": "#3C3C3C",
                    "fontFamily": "Proxima-Bold",
                    "fontSize": 16,
                    "fontWeight": "500",
                    "paddingBottom": 10,
                    "paddingLeft": 0,
                    "paddingRight": 0,
                    "paddingTop": 10,
                  },
                ]
              }
            >
              [missing "en.screens.changePassword.form.repeatPassword" translation]
            </Text>
            <View
              backgroundColor="#F5F4F4"
              borderLeftDown={5}
              borderLeftUp={5}
              borderRightDown={5}
              borderRightUp={5}
              marginBottom={0}
              marginLeft={0}
              marginRight={0}
              marginTop={0}
              style={
                Array [
                  Object {
                    "alignItems": "center",
                    "backgroundColor": "#F5F4F4",
                    "borderBottomLeftRadius": 5,
                    "borderBottomRightRadius": 5,
                    "borderColor": "#F91E1E",
                    "borderTopLeftRadius": 5,
                    "borderTopRightRadius": 5,
                    "borderWidth": 0,
                    "flexBasis": 0,
                    "flexDirection": "row",
                    "flexGrow": 1,
                    "flexShrink": 1,
                    "justifyContent": "center",
                    "marginBottom": 0,
                    "marginLeft": 0,
                    "marginRight": 0,
                    "marginTop": 0,
                    "minHeight": 50,
                    "paddingLeft": 10,
                  },
                ]
              }
              temErro={false}
            >
              <TextInput
                allowFontScaling={true}
                autoCorrect={false}
                editable={true}
                keyboardType="default"
                onChangeText={[Function]}
                placeholder="[missing \\"en.screens.changePassword.form.repeatPasswordPlaceholder\\" translation]"
                placeholderTextColor="#B7BCC3"
                rejectResponderTermination={true}
                secureTextEntry={true}
                style={
                  Array [
                    Object {
                      "color": "#3C3C3C",
                      "flexBasis": 0,
                      "flexGrow": 1,
                      "flexShrink": 1,
                      "height": 40,
                      "paddingLeft": 10,
                      "width": "100%",
                    },
                  ]
                }
                underlineColorAndroid="transparent"
              />
            </View>
          </View>
        </View>
        <View
          style={
            Array [
              Object {
                "marginBottom": 30,
                "marginLeft": 20,
                "marginRight": 20,
                "marginTop": 30,
              },
            ]
          }
        >
          <View
            accessible={true}
            focusable={true}
            onClick={[Function]}
            onResponderGrant={[Function]}
            onResponderMove={[Function]}
            onResponderRelease={[Function]}
            onResponderTerminate={[Function]}
            onResponderTerminationRequest={[Function]}
            onStartShouldSetResponder={[Function]}
            style={
              Object {
                "alignItems": "center",
                "backgroundColor": "#2A9F7F",
                "borderRadius": 5,
                "flexBasis": 0,
                "flexGrow": 1,
                "flexShrink": 1,
                "justifyContent": "center",
                "minHeight": 50,
                "opacity": 1,
                "position": "relative",
              }
            }
          >
            <Text
              style={
                Array [
                  Object {
                    "color": "#FFFFFF",
                    "fontFamily": "Proxima-Bold",
                    "fontSize": 16,
                    "fontWeight": "500",
                  },
                ]
              }
              textColor="#FFFFFF"
            >
              [missing "en.screens.changePassword.button" translation]
            </Text>
          </View>
        </View>
      </View>
    </RCTScrollView>
  </View>,
]
`;
