// Jest Snapshot v1, https://goo.gl/fbAQLP

exports[`<TelaColetaDetalhesLocal /> matches last snapshot 1`] = `
Array [
  <View
    hasBorderBottom={false}
    style={
      Array [
        Object {
          "alignItems": "center",
          "backgroundColor": "#56AA69",
          "borderBottomColor": "#F5F4F4",
          "borderBottomWidth": 0,
          "flexDirection": "row",
          "paddingBottom": 10,
          "paddingLeft": 30,
          "paddingRight": 30,
          "paddingTop": 20,
          "width": "100%",
        },
      ]
    }
  >
    <View
      style={
        Array [
          Object {
            "flexBasis": 0,
            "flexGrow": 1,
            "flexShrink": 1,
          },
        ]
      }
    >
      <Text
        allowFontScaling={false}
        onPress={[Function]}
        style={
          Array [
            Object {
              "color": "#FFFFFF",
              "fontSize": 25,
            },
            Array [
              Object {},
            ],
            Object {
              "fontFamily": "Feather",
              "fontStyle": "normal",
              "fontWeight": "normal",
            },
            Object {},
          ]
        }
      >
        
      </Text>
    </View>
    <Text
      style={
        Array [
          Object {
            "color": "#FFFFFF",
            "fontFamily": "Proxima-Bold",
            "fontSize": 16,
            "fontWeight": "500",
          },
        ]
      }
    >
      [missing "en.screens.collectDetailsLocal.title" translation]
    </Text>
    <View
      style={
        Array [
          Object {
            "flexBasis": 0,
            "flexDirection": "row-reverse",
            "flexGrow": 1,
            "flexShrink": 1,
          },
        ]
      }
    />
  </View>,
  <View
    style={
      Array [
        Object {
          "backgroundColor": "#F5F4F4",
          "flexBasis": 0,
          "flexGrow": 1,
          "flexShrink": 1,
        },
      ]
    }
  >
    <Modal
      hardwareAccelerated={false}
      style={
        Array [
          Object {},
        ]
      }
      transparent={true}
      visible={false}
    >
      <View
        style={
          Array [
            Object {
              "backgroundColor": "#FFFFFF",
              "borderRadius": 10,
              "marginBottom": 80,
              "marginLeft": 20,
              "marginRight": 20,
              "marginTop": 80,
              "position": "relative",
            },
          ]
        }
      >
        <Image
          resizeMode="cover"
          source={
            Object {
              "uri": "data:image/jpg;base64,undefined",
            }
          }
          style={
            Array [
              Object {
                "borderRadius": 10,
                "height": "100%",
                "width": "100%",
              },
            ]
          }
        />
        <View
          accessible={true}
          focusable={true}
          onClick={[Function]}
          onResponderGrant={[Function]}
          onResponderMove={[Function]}
          onResponderRelease={[Function]}
          onResponderTerminate={[Function]}
          onResponderTerminationRequest={[Function]}
          onStartShouldSetResponder={[Function]}
          style={
            Object {
              "borderColor": "#E2E2E2",
              "borderRadius": 5,
              "borderWidth": 1,
              "marginBottom": 10,
              "marginLeft": 10,
              "marginRight": 10,
              "marginTop": 10,
              "opacity": 1,
              "paddingBottom": 5,
              "paddingLeft": 5,
              "paddingRight": 5,
              "paddingTop": 5,
              "position": "absolute",
              "right": 0,
              "top": 0,
            }
          }
        >
          <Text
            allowFontScaling={false}
            style={
              Array [
                Object {
                  "color": undefined,
                  "fontSize": 25,
                },
                Array [
                  Object {},
                ],
                Object {
                  "fontFamily": "Feather",
                  "fontStyle": "normal",
                  "fontWeight": "normal",
                },
                Object {},
              ]
            }
          >
            
          </Text>
        </View>
      </View>
    </Modal>
    <View
      style={
        Array [
          Object {
            "alignItems": "center",
            "flexBasis": 0,
            "flexGrow": 1,
            "flexShrink": 1,
            "justifyContent": "center",
          },
        ]
      }
    >
      <View
        accessibilityRole="progressbar"
        accessibilityState={
          Object {
            "busy": true,
          }
        }
        accessible={true}
        style={
          Array [
            Object {
              "alignItems": "center",
              "justifyContent": "center",
            },
            undefined,
          ]
        }
      >
        <View
          collapsable={false}
          style={
            Object {
              "height": 24,
              "opacity": 1,
              "width": 24,
            }
          }
        >
          <View
            style={
              Object {
                "alignItems": "center",
                "bottom": 0,
                "justifyContent": "center",
                "left": 0,
                "position": "absolute",
                "right": 0,
                "top": 0,
              }
            }
          >
            <View
              style={
                Object {
                  "height": 24,
                  "transform": Array [
                    Object {
                      "rotate": "45deg",
                    },
                  ],
                  "width": 24,
                }
              }
            >
              <View
                collapsable={false}
                style={
                  Object {
                    "height": 12,
                    "overflow": "hidden",
                    "width": 24,
                  }
                }
              >
                <View
                  style={
                    Object {
                      "height": 24,
                      "transform": Array [
                        Object {
                          "translateY": 0,
                        },
                        Object {
                          "rotate": "-165deg",
                        },
                      ],
                      "width": 24,
                    }
                  }
                >
                  <View
                    collapsable={false}
                    style={
                      Object {
                        "height": 12,
                        "overflow": "hidden",
                        "width": 24,
                      }
                    }
                  >
                    <View
                      style={
                        Object {
                          "borderColor": "#56AA69",
                          "borderRadius": 12,
                          "borderWidth": 2.4,
                          "height": 24,
                          "width": 24,
                        }
                      }
                    />
                  </View>
                </View>
              </View>
            </View>
          </View>
          <View
            style={
              Object {
                "alignItems": "center",
                "bottom": 0,
                "justifyContent": "center",
                "left": 0,
                "position": "absolute",
                "right": 0,
                "top": 0,
              }
            }
          >
            <View
              style={
                Object {
                  "height": 24,
                  "transform": Array [
                    Object {
                      "rotate": "45deg",
                    },
                  ],
                  "width": 24,
                }
              }
            >
              <View
                collapsable={false}
                style={
                  Object {
                    "height": 12,
                    "overflow": "hidden",
                    "top": 12,
                    "width": 24,
                  }
                }
              >
                <View
                  style={
                    Object {
                      "height": 24,
                      "transform": Array [
                        Object {
                          "translateY": -12,
                        },
                        Object {
                          "rotate": "345deg",
                        },
                      ],
                      "width": 24,
                    }
                  }
                >
                  <View
                    collapsable={false}
                    style={
                      Object {
                        "height": 12,
                        "overflow": "hidden",
                        "width": 24,
                      }
                    }
                  >
                    <View
                      style={
                        Object {
                          "borderColor": "#56AA69",
                          "borderRadius": 12,
                          "borderWidth": 2.4,
                          "height": 24,
                          "width": 24,
                        }
                      }
                    />
                  </View>
                </View>
              </View>
            </View>
          </View>
        </View>
      </View>
    </View>
  </View>,
]
`;
