// Jest Snapshot v1, https://goo.gl/fbAQLP

exports[`<TelaColetaVerificar /> matches last snapshot 1`] = `
Array [
  <View
    hasBorderBottom={false}
    style={
      Array [
        Object {
          "alignItems": "center",
          "backgroundColor": "#56AA69",
          "borderBottomColor": "#F5F4F4",
          "borderBottomWidth": 0,
          "flexDirection": "row",
          "paddingBottom": 10,
          "paddingLeft": 30,
          "paddingRight": 30,
          "paddingTop": 20,
          "width": "100%",
        },
      ]
    }
  >
    <View
      style={
        Array [
          Object {
            "flexBasis": 0,
            "flexGrow": 1,
            "flexShrink": 1,
          },
        ]
      }
    >
      <Text
        allowFontScaling={false}
        onPress={[Function]}
        style={
          Array [
            Object {
              "color": "#FFFFFF",
              "fontSize": 25,
            },
            Array [
              Object {},
            ],
            Object {
              "fontFamily": "Feather",
              "fontStyle": "normal",
              "fontWeight": "normal",
            },
            Object {},
          ]
        }
      >
        
      </Text>
    </View>
    <Text
      style={
        Array [
          Object {
            "color": "#FFFFFF",
            "fontFamily": "Proxima-Bold",
            "fontSize": 16,
            "fontWeight": "500",
          },
        ]
      }
    >
      [missing "en.screens.collectCheck.title" translation]
    </Text>
    <View
      style={
        Array [
          Object {
            "flexBasis": 0,
            "flexDirection": "row-reverse",
            "flexGrow": 1,
            "flexShrink": 1,
          },
        ]
      }
    />
  </View>,
  <View
    style={
      Array [
        Object {
          "backgroundColor": "#F5F4F4",
          "flexBasis": 0,
          "flexGrow": 1,
          "flexShrink": 1,
        },
      ]
    }
  >
    <RCTScrollView
      contentContainerStyle={
        Object {
          "padding": 20,
        }
      }
      showsVerticalScrollIndicator={false}
      style={
        Array [
          Object {},
        ]
      }
      vertical={true}
    >
      <View>
        <View
          style={
            Array [
              Object {
                "backgroundColor": "#FFFFFF",
                "borderRadius": 5,
                "paddingBottom": 10,
                "paddingLeft": 10,
                "paddingRight": 10,
                "paddingTop": 10,
              },
            ]
          }
        >
          <Text
            style={
              Array [
                Object {
                  "color": "#515151",
                  "fontFamily": "Proxima-Semibold",
                  "fontSize": 14.5,
                  "fontWeight": "400",
                  "marginBottom": 5,
                },
              ]
            }
          >
            [missing "en.screens.collectCheck.responsibleName" translation]
          </Text>
          <View
            backgroundColor="#F5F4F4"
            borderLeftDown={5}
            borderLeftUp={5}
            borderRightDown={5}
            borderRightUp={5}
            marginBottom={0}
            marginLeft={0}
            marginRight={0}
            marginTop={0}
            style={
              Array [
                Object {
                  "alignItems": "center",
                  "backgroundColor": "#F5F4F4",
                  "borderBottomLeftRadius": 5,
                  "borderBottomRightRadius": 5,
                  "borderColor": "#F91E1E",
                  "borderTopLeftRadius": 5,
                  "borderTopRightRadius": 5,
                  "borderWidth": 0,
                  "flexBasis": 0,
                  "flexDirection": "row",
                  "flexGrow": 1,
                  "flexShrink": 1,
                  "justifyContent": "center",
                  "marginBottom": 0,
                  "marginLeft": 0,
                  "marginRight": 0,
                  "marginTop": 0,
                  "minHeight": 50,
                  "paddingLeft": 10,
                },
              ]
            }
            temErro={false}
          >
            <Text
              allowFontScaling={false}
              style={
                Array [
                  Object {
                    "color": "#E2E2E2",
                    "fontSize": 20,
                  },
                  Array [
                    Object {},
                  ],
                  Object {
                    "fontFamily": "Feather",
                    "fontStyle": "normal",
                    "fontWeight": "normal",
                  },
                  Object {},
                ]
              }
            >
              
            </Text>
            <TextInput
              allowFontScaling={true}
              autoCapitalize="characters"
              autoCorrect={false}
              defaultValue=""
              editable={true}
              keyboardType="default"
              onChangeText={[Function]}
              placeholder="[missing \\"en.screens.collectCheck.responsibleName\\" translation]"
              placeholderTextColor="#B7BCC3"
              rejectResponderTermination={true}
              secureTextEntry={false}
              style={
                Array [
                  Object {
                    "color": "#3C3C3C",
                    "flexBasis": 0,
                    "flexGrow": 1,
                    "flexShrink": 1,
                    "height": 40,
                    "paddingLeft": 10,
                    "width": "100%",
                  },
                ]
              }
              underlineColorAndroid="transparent"
              value=""
            />
          </View>
          <View
            style={
              Array [
                Object {
                  "alignItems": "flex-end",
                  "marginTop": 5,
                  "paddingRight": 8,
                },
              ]
            }
          >
            <Text
              style={
                Array [
                  Object {
                    "color": "#F91E1E",
                    "fontFamily": "Proxima-Light",
                    "fontSize": 12,
                    "fontWeight": "300",
                  },
                ]
              }
            >
              
            </Text>
          </View>
          <Text
            style={
              Array [
                Object {
                  "color": "#515151",
                  "fontFamily": "Proxima-Semibold",
                  "fontSize": 14.5,
                  "fontWeight": "400",
                  "marginBottom": 5,
                },
              ]
            }
          >
            [missing "en.screens.collectCheck.responsibleFunction" translation]
          </Text>
          <View
            backgroundColor="#F5F4F4"
            borderLeftDown={5}
            borderLeftUp={5}
            borderRightDown={5}
            borderRightUp={5}
            marginBottom={0}
            marginLeft={0}
            marginRight={0}
            marginTop={0}
            style={
              Array [
                Object {
                  "alignItems": "center",
                  "backgroundColor": "#F5F4F4",
                  "borderBottomLeftRadius": 5,
                  "borderBottomRightRadius": 5,
                  "borderColor": "#F91E1E",
                  "borderTopLeftRadius": 5,
                  "borderTopRightRadius": 5,
                  "borderWidth": 0,
                  "flexBasis": 0,
                  "flexDirection": "row",
                  "flexGrow": 1,
                  "flexShrink": 1,
                  "justifyContent": "center",
                  "marginBottom": 0,
                  "marginLeft": 0,
                  "marginRight": 0,
                  "marginTop": 0,
                  "minHeight": 50,
                  "paddingLeft": 10,
                },
              ]
            }
            temErro={false}
          >
            <Text
              allowFontScaling={false}
              style={
                Array [
                  Object {
                    "color": "#E2E2E2",
                    "fontSize": 20,
                  },
                  Array [
                    Object {},
                  ],
                  Object {
                    "fontFamily": "Feather",
                    "fontStyle": "normal",
                    "fontWeight": "normal",
                  },
                  Object {},
                ]
              }
            >
              
            </Text>
            <TextInput
              allowFontScaling={true}
              autoCapitalize="characters"
              autoCorrect={false}
              defaultValue=""
              editable={true}
              keyboardType="default"
              onChangeText={[Function]}
              placeholder="[missing \\"en.screens.collectCheck.responsibleFunction\\" translation]"
              placeholderTextColor="#B7BCC3"
              rejectResponderTermination={true}
              secureTextEntry={false}
              style={
                Array [
                  Object {
                    "color": "#3C3C3C",
                    "flexBasis": 0,
                    "flexGrow": 1,
                    "flexShrink": 1,
                    "height": 40,
                    "paddingLeft": 10,
                    "width": "100%",
                  },
                ]
              }
              underlineColorAndroid="transparent"
              value=""
            />
          </View>
          <View
            style={
              Array [
                Object {
                  "alignItems": "flex-end",
                  "marginTop": 5,
                  "paddingRight": 8,
                },
              ]
            }
          >
            <Text
              style={
                Array [
                  Object {
                    "color": "#F91E1E",
                    "fontFamily": "Proxima-Light",
                    "fontSize": 12,
                    "fontWeight": "300",
                  },
                ]
              }
            >
              
            </Text>
          </View>
          <Text
            style={
              Array [
                Object {
                  "color": "#515151",
                  "fontFamily": "Proxima-Semibold",
                  "fontSize": 14.5,
                  "fontWeight": "400",
                  "marginBottom": 5,
                },
              ]
            }
          >
            [missing "en.screens.collectCheck.responsibleDocument" translation]
          </Text>
          <View
            backgroundColor="#F5F4F4"
            borderLeftDown={5}
            borderLeftUp={5}
            borderRightDown={5}
            borderRightUp={5}
            marginBottom={0}
            marginLeft={0}
            marginRight={0}
            marginTop={0}
            style={
              Array [
                Object {
                  "alignItems": "center",
                  "backgroundColor": "#F5F4F4",
                  "borderBottomLeftRadius": 5,
                  "borderBottomRightRadius": 5,
                  "borderColor": "#F91E1E",
                  "borderTopLeftRadius": 5,
                  "borderTopRightRadius": 5,
                  "borderWidth": 0,
                  "flexBasis": 0,
                  "flexDirection": "row",
                  "flexGrow": 1,
                  "flexShrink": 1,
                  "justifyContent": "center",
                  "marginBottom": 0,
                  "marginLeft": 0,
                  "marginRight": 0,
                  "marginTop": 0,
                  "minHeight": 50,
                  "paddingLeft": 10,
                },
              ]
            }
            temErro={false}
          >
            <Text
              allowFontScaling={false}
              style={
                Array [
                  Object {
                    "color": "#E2E2E2",
                    "fontSize": 20,
                  },
                  Array [
                    Object {},
                  ],
                  Object {
                    "fontFamily": "Feather",
                    "fontStyle": "normal",
                    "fontWeight": "normal",
                  },
                  Object {},
                ]
              }
            >
              
            </Text>
            <TextInput
              allowFontScaling={true}
              autoCapitalize="none"
              autoCorrect={false}
              defaultValue=""
              editable={true}
              keyboardType="numeric"
              onChangeText={[Function]}
              placeholder="[missing \\"en.screens.collectCheck.responsibleDocument\\" translation]"
              placeholderTextColor="#B7BCC3"
              rejectResponderTermination={true}
              secureTextEntry={false}
              style={
                Array [
                  Object {
                    "color": "#3C3C3C",
                    "flexBasis": 0,
                    "flexGrow": 1,
                    "flexShrink": 1,
                    "height": 40,
                    "paddingLeft": 10,
                    "width": "100%",
                  },
                ]
              }
              underlineColorAndroid="transparent"
              value=""
            />
          </View>
          <View
            style={
              Array [
                Object {
                  "alignItems": "flex-end",
                  "marginTop": 5,
                  "paddingRight": 8,
                },
              ]
            }
          >
            <Text
              style={
                Array [
                  Object {
                    "color": "#F91E1E",
                    "fontFamily": "Proxima-Light",
                    "fontSize": 12,
                    "fontWeight": "300",
                  },
                ]
              }
            >
              
            </Text>
          </View>
          <Text
            style={
              Array [
                Object {
                  "color": "#515151",
                  "fontFamily": "Proxima-Semibold",
                  "fontSize": 14.5,
                  "fontWeight": "400",
                  "marginBottom": 5,
                },
              ]
            }
          >
            [missing "en.screens.collectCheck.responsibleEmail" translation]
          </Text>
          <View
            backgroundColor="#F5F4F4"
            borderLeftDown={5}
            borderLeftUp={5}
            borderRightDown={5}
            borderRightUp={5}
            marginBottom={0}
            marginLeft={0}
            marginRight={0}
            marginTop={0}
            style={
              Array [
                Object {
                  "alignItems": "center",
                  "backgroundColor": "#F5F4F4",
                  "borderBottomLeftRadius": 5,
                  "borderBottomRightRadius": 5,
                  "borderColor": "#F91E1E",
                  "borderTopLeftRadius": 5,
                  "borderTopRightRadius": 5,
                  "borderWidth": 0,
                  "flexBasis": 0,
                  "flexDirection": "row",
                  "flexGrow": 1,
                  "flexShrink": 1,
                  "justifyContent": "center",
                  "marginBottom": 0,
                  "marginLeft": 0,
                  "marginRight": 0,
                  "marginTop": 0,
                  "minHeight": 50,
                  "paddingLeft": 10,
                },
              ]
            }
            temErro={false}
          >
            <Text
              allowFontScaling={false}
              style={
                Array [
                  Object {
                    "color": "#E2E2E2",
                    "fontSize": 20,
                  },
                  Array [
                    Object {},
                  ],
                  Object {
                    "fontFamily": "Feather",
                    "fontStyle": "normal",
                    "fontWeight": "normal",
                  },
                  Object {},
                ]
              }
            >
              
            </Text>
            <TextInput
              allowFontScaling={true}
              autoCapitalize="none"
              autoCorrect={false}
              defaultValue=""
              editable={true}
              keyboardType="email-address"
              onChangeText={[Function]}
              placeholder="[missing \\"en.screens.collectCheck.responsibleEmail\\" translation]"
              placeholderTextColor="#B7BCC3"
              rejectResponderTermination={true}
              secureTextEntry={false}
              style={
                Array [
                  Object {
                    "color": "#3C3C3C",
                    "flexBasis": 0,
                    "flexGrow": 1,
                    "flexShrink": 1,
                    "height": 40,
                    "paddingLeft": 10,
                    "width": "100%",
                  },
                ]
              }
              underlineColorAndroid="transparent"
              value=""
            />
          </View>
          <View
            style={
              Array [
                Object {
                  "alignItems": "flex-end",
                  "marginTop": 5,
                  "paddingRight": 8,
                },
              ]
            }
          >
            <Text
              style={
                Array [
                  Object {
                    "color": "#F91E1E",
                    "fontFamily": "Proxima-Light",
                    "fontSize": 12,
                    "fontWeight": "300",
                  },
                ]
              }
            >
              
            </Text>
          </View>
          <Text
            style={
              Array [
                Object {
                  "color": "#515151",
                  "fontFamily": "Proxima-Semibold",
                  "fontSize": 14.5,
                  "fontWeight": "400",
                  "marginBottom": 5,
                },
              ]
            }
          >
            [missing "en.screens.collectCheck.observation" translation]
          </Text>
          <View
            backgroundColor="#F5F4F4"
            borderLeftDown={5}
            borderLeftUp={5}
            borderRightDown={5}
            borderRightUp={5}
            marginBottom={0}
            marginLeft={0}
            marginRight={0}
            marginTop={0}
            style={
              Array [
                Object {
                  "alignItems": "center",
                  "backgroundColor": "#F5F4F4",
                  "borderBottomLeftRadius": 5,
                  "borderBottomRightRadius": 5,
                  "borderColor": "#F91E1E",
                  "borderTopLeftRadius": 5,
                  "borderTopRightRadius": 5,
                  "borderWidth": 0,
                  "flexBasis": 0,
                  "flexDirection": "row",
                  "flexGrow": 1,
                  "flexShrink": 1,
                  "justifyContent": "center",
                  "marginBottom": 0,
                  "marginLeft": 0,
                  "marginRight": 0,
                  "marginTop": 0,
                  "minHeight": 50,
                  "paddingLeft": 10,
                },
              ]
            }
            temErro={false}
          >
            <Text
              allowFontScaling={false}
              style={
                Array [
                  Object {
                    "color": "#E2E2E2",
                    "fontSize": 20,
                  },
                  Array [
                    Object {},
                  ],
                  Object {
                    "fontFamily": "Feather",
                    "fontStyle": "normal",
                    "fontWeight": "normal",
                  },
                  Object {},
                ]
              }
            >
              
            </Text>
            <TextInput
              allowFontScaling={true}
              autoCapitalize="none"
              autoCorrect={false}
              defaultValue=""
              editable={true}
              keyboardType="default"
              onChangeText={[Function]}
              placeholder="[missing \\"en.screens.collectCheck.observation\\" translation]"
              placeholderTextColor="#B7BCC3"
              rejectResponderTermination={true}
              secureTextEntry={false}
              style={
                Array [
                  Object {
                    "color": "#3C3C3C",
                    "flexBasis": 0,
                    "flexGrow": 1,
                    "flexShrink": 1,
                    "height": 40,
                    "paddingLeft": 10,
                    "width": "100%",
                  },
                ]
              }
              underlineColorAndroid="transparent"
              value=""
            />
          </View>
          <View
            style={
              Array [
                Object {
                  "alignItems": "flex-end",
                  "marginTop": 5,
                  "paddingRight": 8,
                },
              ]
            }
          >
            <Text
              style={
                Array [
                  Object {
                    "color": "#F91E1E",
                    "fontFamily": "Proxima-Light",
                    "fontSize": 12,
                    "fontWeight": "300",
                  },
                ]
              }
            >
              
            </Text>
          </View>
          <Text
            style={
              Array [
                Object {
                  "color": "#515151",
                  "fontFamily": "Proxima-Semibold",
                  "fontSize": 14.5,
                  "fontWeight": "400",
                  "marginBottom": 5,
                },
              ]
            }
          >
            [missing "en.screens.collectCheck.clientMtr" translation]
          </Text>
          <View
            backgroundColor="#F5F4F4"
            borderLeftDown={5}
            borderLeftUp={5}
            borderRightDown={5}
            borderRightUp={5}
            marginBottom={0}
            marginLeft={0}
            marginRight={0}
            marginTop={0}
            style={
              Array [
                Object {
                  "alignItems": "center",
                  "backgroundColor": "#F5F4F4",
                  "borderBottomLeftRadius": 5,
                  "borderBottomRightRadius": 5,
                  "borderColor": "#F91E1E",
                  "borderTopLeftRadius": 5,
                  "borderTopRightRadius": 5,
                  "borderWidth": 0,
                  "flexBasis": 0,
                  "flexDirection": "row",
                  "flexGrow": 1,
                  "flexShrink": 1,
                  "justifyContent": "center",
                  "marginBottom": 0,
                  "marginLeft": 0,
                  "marginRight": 0,
                  "marginTop": 0,
                  "minHeight": 50,
                  "paddingLeft": 10,
                },
              ]
            }
            temErro={false}
          >
            <Text
              allowFontScaling={false}
              style={
                Array [
                  Object {
                    "color": "#E2E2E2",
                    "fontSize": 20,
                  },
                  Array [
                    Object {},
                  ],
                  Object {
                    "fontFamily": "Feather",
                    "fontStyle": "normal",
                    "fontWeight": "normal",
                  },
                  Object {},
                ]
              }
            >
              
            </Text>
            <TextInput
              allowFontScaling={true}
              autoCapitalize="sentences"
              autoCorrect={false}
              defaultValue=""
              editable={true}
              keyboardType="default"
              onChangeText={[Function]}
              placeholder="[missing \\"en.screens.collectCheck.clientMtr\\" translation]"
              placeholderTextColor="#B7BCC3"
              rejectResponderTermination={true}
              secureTextEntry={false}
              style={
                Array [
                  Object {
                    "color": "#3C3C3C",
                    "flexBasis": 0,
                    "flexGrow": 1,
                    "flexShrink": 1,
                    "height": 40,
                    "paddingLeft": 10,
                    "width": "100%",
                  },
                ]
              }
              underlineColorAndroid="transparent"
              value=""
            />
          </View>
          <View
            style={
              Array [
                Object {
                  "alignItems": "flex-end",
                  "marginTop": 5,
                  "paddingRight": 8,
                },
              ]
            }
          >
            <Text
              style={
                Array [
                  Object {
                    "color": "#F91E1E",
                    "fontFamily": "Proxima-Light",
                    "fontSize": 12,
                    "fontWeight": "300",
                  },
                ]
              }
            >
              
            </Text>
          </View>
          <Text
            style={
              Array [
                Object {
                  "color": "#515151",
                  "fontFamily": "Proxima-Semibold",
                  "fontSize": 14.5,
                  "fontWeight": "400",
                  "marginBottom": 5,
                },
              ]
            }
          >
            [missing "en.screens.collectCheck.clientMtrCode" translation]
          </Text>
          <View
            style={
              Array [
                Object {
                  "flexDirection": "row",
                },
              ]
            }
          >
            <View
              backgroundColor="#F5F4F4"
              borderLeftDown={5}
              borderLeftUp={5}
              borderRightDown={5}
              borderRightUp={5}
              marginBottom={0}
              marginLeft={0}
              marginRight={0}
              marginTop={0}
              style={
                Array [
                  Object {
                    "alignItems": "center",
                    "backgroundColor": "#F5F4F4",
                    "borderBottomLeftRadius": 5,
                    "borderBottomRightRadius": 5,
                    "borderColor": "#F91E1E",
                    "borderTopLeftRadius": 5,
                    "borderTopRightRadius": 5,
                    "borderWidth": 0,
                    "flexBasis": 0,
                    "flexDirection": "row",
                    "flexGrow": 1,
                    "flexShrink": 1,
                    "justifyContent": "center",
                    "marginBottom": 0,
                    "marginLeft": 0,
                    "marginRight": 0,
                    "marginTop": 0,
                    "minHeight": 50,
                    "paddingLeft": 10,
                  },
                ]
              }
              temErro={false}
            >
              <Text
                allowFontScaling={false}
                style={
                  Array [
                    Object {
                      "color": "#E2E2E2",
                      "fontSize": 20,
                    },
                    Array [
                      Object {},
                    ],
                    Object {
                      "fontFamily": "Feather",
                      "fontStyle": "normal",
                      "fontWeight": "normal",
                    },
                    Object {},
                  ]
                }
              >
                
              </Text>
              <TextInput
                allowFontScaling={true}
                autoCapitalize="none"
                autoCorrect={false}
                defaultValue=""
                editable={true}
                keyboardType="default"
                onChangeText={[Function]}
                placeholder="[missing \\"en.screens.collectCheck.clientMtrCode\\" translation]"
                placeholderTextColor="#B7BCC3"
                rejectResponderTermination={true}
                secureTextEntry={false}
                style={
                  Array [
                    Object {
                      "color": "#3C3C3C",
                      "flexBasis": 0,
                      "flexGrow": 1,
                      "flexShrink": 1,
                      "height": 40,
                      "paddingLeft": 10,
                      "width": "100%",
                    },
                  ]
                }
                underlineColorAndroid="transparent"
                value=""
              />
            </View>
            <View
              style={
                Array [
                  Object {
                    "alignItems": "flex-end",
                    "marginTop": 5,
                    "paddingRight": 8,
                  },
                ]
              }
            >
              <Text
                style={
                  Array [
                    Object {
                      "color": "#F91E1E",
                      "fontFamily": "Proxima-Light",
                      "fontSize": 12,
                      "fontWeight": "300",
                    },
                  ]
                }
              >
                
              </Text>
            </View>
            <View
              accessible={true}
              focusable={true}
              onClick={[Function]}
              onResponderGrant={[Function]}
              onResponderMove={[Function]}
              onResponderRelease={[Function]}
              onResponderTerminate={[Function]}
              onResponderTerminationRequest={[Function]}
              onStartShouldSetResponder={[Function]}
              style={
                Object {
                  "alignItems": "center",
                  "backgroundColor": "#56AA69",
                  "borderRadius": 5,
                  "flexBasis": 0,
                  "flexGrow": 0.2,
                  "flexShrink": 1,
                  "justifyContent": "center",
                  "opacity": 1,
                }
              }
            >
              <Text
                allowFontScaling={false}
                style={
                  Array [
                    Object {
                      "color": "#FFFFFF",
                      "fontSize": 30,
                    },
                    Array [
                      Object {},
                    ],
                    Object {
                      "fontFamily": "FontAwesome",
                      "fontStyle": "normal",
                      "fontWeight": "normal",
                    },
                    Object {},
                  ]
                }
              >
                
              </Text>
            </View>
          </View>
        </View>
        <View
          marginBottom={0}
          marginLeft={0}
          marginRight={0}
          marginTop={10}
          style={
            Array [
              Object {
                "backgroundColor": "#FFFFFF",
                "borderRadius": 5,
                "marginBottom": 0,
                "marginLeft": 0,
                "marginRight": 0,
                "marginTop": 10,
              },
            ]
          }
        >
          <View
            style={
              Array [
                Object {
                  "flexDirection": "row",
                  "justifyContent": "space-between",
                  "paddingBottom": 0,
                  "paddingLeft": 20,
                  "paddingRight": 10,
                  "paddingTop": 10,
                },
              ]
            }
          >
            <Text
              style={
                Array [
                  Object {
                    "color": "#3C3C3C",
                    "fontFamily": "Proxima-Bold",
                    "fontSize": 16,
                    "fontWeight": "500",
                  },
                ]
              }
            >
              [missing "en.screens.collectCheck.addPhotos" translation]
            </Text>
            <Text
              allowFontScaling={false}
              onPress={[Function]}
              style={
                Array [
                  Object {
                    "color": "#3C3C3C",
                    "fontSize": 25,
                  },
                  Array [
                    Object {},
                  ],
                  Object {
                    "fontFamily": "Feather",
                    "fontStyle": "normal",
                    "fontWeight": "normal",
                  },
                  Object {},
                ]
              }
            >
              
            </Text>
          </View>
          <View
            paddingBottom={10}
            paddingLeft={20}
            paddingRight={20}
            paddingTop={10}
            style={
              Array [
                Object {
                  "alignItems": "flex-start",
                  "paddingBottom": 10,
                  "paddingLeft": 20,
                  "paddingRight": 20,
                  "paddingTop": 10,
                },
              ]
            }
          >
            <View
              style={
                Array [
                  Object {
                    "flexDirection": "row",
                    "flexWrap": "wrap",
                  },
                ]
              }
            >
              <View
                style={
                  Array [
                    Object {
                      "alignItems": "center",
                      "flexBasis": 0,
                      "flexGrow": 1,
                      "flexShrink": 1,
                      "justifyContent": "center",
                    },
                  ]
                }
              >
                <Text
                  style={
                    Array [
                      Object {
                        "color": "#515151",
                        "fontFamily": "Proxima-Semibold",
                        "fontSize": 12,
                        "fontWeight": "400",
                      },
                    ]
                  }
                >
                  [missing "en.screens.collectCheck.addPhotos" translation]
                </Text>
              </View>
            </View>
          </View>
        </View>
        <View
          style={
            Array [
              Object {
                "alignItems": "center",
                "flexDirection": "row",
                "justifyContent": "center",
                "marginBottom": 10,
                "marginLeft": 20,
                "marginRight": 20,
                "marginTop": 30,
              },
            ]
          }
        >
          <View
            accessible={true}
            focusable={true}
            onClick={[Function]}
            onResponderGrant={[Function]}
            onResponderMove={[Function]}
            onResponderRelease={[Function]}
            onResponderTerminate={[Function]}
            onResponderTerminationRequest={[Function]}
            onStartShouldSetResponder={[Function]}
            style={
              Object {
                "alignItems": "center",
                "backgroundColor": "#56AA69",
                "borderRadius": 5,
                "flexBasis": 0,
                "flexGrow": 1,
                "flexShrink": 1,
                "justifyContent": "center",
                "minHeight": 50,
                "opacity": 1,
                "position": "relative",
              }
            }
          >
            <Text
              style={
                Array [
                  Object {
                    "color": "#FFFFFF",
                    "fontFamily": "Proxima-Bold",
                    "fontSize": 16,
                    "fontWeight": "500",
                  },
                ]
              }
              textColor="#FFFFFF"
            >
              [missing "en.screens.collectCheck.signature" translation]
            </Text>
          </View>
        </View>
        <View
          style={
            Array [
              Object {
                "marginBottom": 0,
                "marginLeft": 20,
                "marginRight": 20,
                "marginTop": 0,
              },
            ]
          }
        >
          <View
            accessible={true}
            focusable={true}
            onClick={[Function]}
            onResponderGrant={[Function]}
            onResponderMove={[Function]}
            onResponderRelease={[Function]}
            onResponderTerminate={[Function]}
            onResponderTerminationRequest={[Function]}
            onStartShouldSetResponder={[Function]}
            style={
              Object {
                "alignItems": "center",
                "backgroundColor": "#56AA69",
                "borderRadius": 5,
                "flexBasis": 0,
                "flexGrow": 1,
                "flexShrink": 1,
                "justifyContent": "center",
                "minHeight": 50,
                "opacity": 1,
                "position": "relative",
              }
            }
          >
            <Text
              style={
                Array [
                  Object {
                    "color": "#FFFFFF",
                    "fontFamily": "Proxima-Bold",
                    "fontSize": 16,
                    "fontWeight": "500",
                  },
                ]
              }
              textColor="#FFFFFF"
            >
              [missing "en.screens.collectCheck.resume" translation]
            </Text>
          </View>
        </View>
      </View>
    </RCTScrollView>
  </View>,
]
`;
