// Jest Snapshot v1, https://goo.gl/fbAQLP

exports[`<TelaColetaDetalhes /> matches last snapshot 1`] = `
Array [
  <View
    hasBorderBottom={false}
    style={
      Array [
        Object {
          "alignItems": "center",
          "backgroundColor": "#56AA69",
          "borderBottomColor": "#F5F4F4",
          "borderBottomWidth": 0,
          "flexDirection": "row",
          "paddingBottom": 10,
          "paddingLeft": 30,
          "paddingRight": 30,
          "paddingTop": 20,
          "width": "100%",
        },
      ]
    }
  >
    <View
      style={
        Array [
          Object {
            "flexBasis": 0,
            "flexGrow": 1,
            "flexShrink": 1,
          },
        ]
      }
    >
      <Text
        allowFontScaling={false}
        onPress={[Function]}
        style={
          Array [
            Object {
              "color": "#FFFFFF",
              "fontSize": 25,
            },
            Array [
              Object {},
            ],
            Object {
              "fontFamily": "Feather",
              "fontStyle": "normal",
              "fontWeight": "normal",
            },
            Object {},
          ]
        }
      >
        
      </Text>
    </View>
    
    <View
      style={
        Array [
          Object {
            "flexBasis": 0,
            "flexDirection": "row-reverse",
            "flexGrow": 1,
            "flexShrink": 1,
          },
        ]
      }
    />
  </View>,
  <View
    style={
      Array [
        Object {
          "backgroundColor": "#F5F4F4",
          "flexBasis": 0,
          "flexGrow": 1,
          "flexShrink": 1,
        },
      ]
    }
  >
    <Modal
      animationType="fade"
      hardwareAccelerated={false}
      style={
        Array [
          Object {},
        ]
      }
      transparent={true}
      visible={false}
    >
      <View
        style={
          Array [
            Object {
              "backgroundColor": "rgba(0, 0, 0, 0.5)",
              "flexBasis": 0,
              "flexGrow": 1,
              "flexShrink": 1,
            },
          ]
        }
      >
        <View
          style={
            Array [
              Object {
                "backgroundColor": "#FFFFFF",
                "borderTopLeftRadius": 10,
                "borderTopRightRadius": 10,
                "bottom": 0,
                "flexBasis": 0,
                "flexGrow": 1,
                "flexShrink": 1,
                "left": 0,
                "position": "absolute",
                "right": 0,
              },
            ]
          }
        >
          <View
            accessible={true}
            focusable={true}
            onClick={[Function]}
            onResponderGrant={[Function]}
            onResponderMove={[Function]}
            onResponderRelease={[Function]}
            onResponderTerminate={[Function]}
            onResponderTerminationRequest={[Function]}
            onStartShouldSetResponder={[Function]}
            style={
              Object {
                "alignItems": "center",
                "borderTopLeftRadius": 10,
                "borderTopRightRadius": 10,
                "flexDirection": "row",
                "justifyContent": "flex-end",
                "minHeight": 50,
                "opacity": 1,
                "paddingLeft": 20,
                "paddingRight": 20,
              }
            }
          >
            <Text
              allowFontScaling={false}
              style={
                Array [
                  Object {
                    "color": "#3C3C3C",
                    "fontSize": 25,
                  },
                  Array [
                    Object {},
                  ],
                  Object {
                    "fontFamily": "Feather",
                    "fontStyle": "normal",
                    "fontWeight": "normal",
                  },
                  Object {},
                ]
              }
            >
              
            </Text>
          </View>
          <View
            style={
              Array [
                Object {
                  "flexBasis": 0,
                  "flexGrow": 1,
                  "flexShrink": 1,
                  "paddingBottom": 10,
                  "paddingLeft": 20,
                  "paddingRight": 20,
                  "paddingTop": 10,
                },
              ]
            }
          >
            <Text
              style={
                Array [
                  Object {
                    "color": "#3C3C3C",
                    "fontFamily": "Proxima-Bold",
                    "fontSize": 16,
                    "fontWeight": "500",
                  },
                ]
              }
            >
              Escolha onde deseja abrir a coleta:
            </Text>
            <View
              accessible={true}
              focusable={true}
              onClick={[Function]}
              onResponderGrant={[Function]}
              onResponderMove={[Function]}
              onResponderRelease={[Function]}
              onResponderTerminate={[Function]}
              onResponderTerminationRequest={[Function]}
              onStartShouldSetResponder={[Function]}
              style={
                Object {
                  "borderBottomColor": "#E2E2E2",
                  "borderBottomWidth": 1,
                  "flexDirection": "row",
                  "marginTop": 10,
                  "opacity": 1,
                  "width": "90%",
                }
              }
            >
              <View
                style={
                  Array [
                    Object {
                      "alignItems": "center",
                      "flexBasis": 0,
                      "flexGrow": 0.2,
                      "flexShrink": 1,
                      "justifyContent": "center",
                    },
                  ]
                }
              >
                <Text
                  allowFontScaling={false}
                  style={
                    Array [
                      Object {
                        "color": undefined,
                        "fontSize": 50,
                      },
                      Array [
                        Object {},
                      ],
                      Object {
                        "fontFamily": "Material Design Icons",
                        "fontStyle": "normal",
                        "fontWeight": "normal",
                      },
                      Object {},
                    ]
                  }
                >
                  󰯞
                </Text>
              </View>
              <View
                style={
                  Array [
                    Object {
                      "alignItems": "flex-start",
                      "flexBasis": 0,
                      "flexGrow": 0.8,
                      "flexShrink": 1,
                      "justifyContent": "center",
                      "paddingLeft": 10,
                    },
                  ]
                }
              >
                <Text
                  style={
                    Array [
                      Object {
                        "color": "#3C3C3C",
                        "fontFamily": "Proxima-Bold",
                        "fontSize": 16,
                        "fontWeight": "500",
                      },
                    ]
                  }
                >
                  Abrir no Waze
                </Text>
              </View>
            </View>
            <View
              accessible={true}
              focusable={true}
              onClick={[Function]}
              onResponderGrant={[Function]}
              onResponderMove={[Function]}
              onResponderRelease={[Function]}
              onResponderTerminate={[Function]}
              onResponderTerminationRequest={[Function]}
              onStartShouldSetResponder={[Function]}
              style={
                Object {
                  "borderBottomColor": "#E2E2E2",
                  "borderBottomWidth": 0,
                  "flexDirection": "row",
                  "marginTop": 10,
                  "opacity": 1,
                  "width": "90%",
                }
              }
            >
              <View
                style={
                  Array [
                    Object {
                      "alignItems": "center",
                      "flexBasis": 0,
                      "flexGrow": 0.2,
                      "flexShrink": 1,
                      "justifyContent": "center",
                    },
                  ]
                }
              >
                <Text
                  allowFontScaling={false}
                  style={
                    Array [
                      Object {
                        "color": undefined,
                        "fontSize": 40,
                      },
                      Array [
                        Object {},
                      ],
                      Object {
                        "fontFamily": "Feather",
                        "fontStyle": "normal",
                        "fontWeight": "normal",
                      },
                      Object {},
                    ]
                  }
                >
                  
                </Text>
              </View>
              <View
                style={
                  Array [
                    Object {
                      "alignItems": "flex-start",
                      "flexBasis": 0,
                      "flexGrow": 0.8,
                      "flexShrink": 1,
                      "justifyContent": "center",
                      "paddingLeft": 10,
                    },
                  ]
                }
              >
                <Text
                  style={
                    Array [
                      Object {
                        "color": "#3C3C3C",
                        "fontFamily": "Proxima-Bold",
                        "fontSize": 16,
                        "fontWeight": "500",
                      },
                    ]
                  }
                >
                  Abrir no Maps
                </Text>
              </View>
            </View>
          </View>
        </View>
      </View>
    </Modal>
    <View
      style={
        Array [
          Object {
            "alignItems": "center",
            "flexBasis": 0,
            "flexGrow": 1,
            "flexShrink": 1,
            "justifyContent": "center",
          },
        ]
      }
    >
      <View
        accessibilityRole="progressbar"
        accessibilityState={
          Object {
            "busy": true,
          }
        }
        accessible={true}
        style={
          Array [
            Object {
              "alignItems": "center",
              "justifyContent": "center",
            },
            undefined,
          ]
        }
      >
        <View
          collapsable={false}
          style={
            Object {
              "height": 24,
              "opacity": 1,
              "width": 24,
            }
          }
        >
          <View
            style={
              Object {
                "alignItems": "center",
                "bottom": 0,
                "justifyContent": "center",
                "left": 0,
                "position": "absolute",
                "right": 0,
                "top": 0,
              }
            }
          >
            <View
              style={
                Object {
                  "height": 24,
                  "transform": Array [
                    Object {
                      "rotate": "45deg",
                    },
                  ],
                  "width": 24,
                }
              }
            >
              <View
                collapsable={false}
                style={
                  Object {
                    "height": 12,
                    "overflow": "hidden",
                    "width": 24,
                  }
                }
              >
                <View
                  style={
                    Object {
                      "height": 24,
                      "transform": Array [
                        Object {
                          "translateY": 0,
                        },
                        Object {
                          "rotate": "-165deg",
                        },
                      ],
                      "width": 24,
                    }
                  }
                >
                  <View
                    collapsable={false}
                    style={
                      Object {
                        "height": 12,
                        "overflow": "hidden",
                        "width": 24,
                      }
                    }
                  >
                    <View
                      style={
                        Object {
                          "borderColor": "#56AA69",
                          "borderRadius": 12,
                          "borderWidth": 2.4,
                          "height": 24,
                          "width": 24,
                        }
                      }
                    />
                  </View>
                </View>
              </View>
            </View>
          </View>
          <View
            style={
              Object {
                "alignItems": "center",
                "bottom": 0,
                "justifyContent": "center",
                "left": 0,
                "position": "absolute",
                "right": 0,
                "top": 0,
              }
            }
          >
            <View
              style={
                Object {
                  "height": 24,
                  "transform": Array [
                    Object {
                      "rotate": "45deg",
                    },
                  ],
                  "width": 24,
                }
              }
            >
              <View
                collapsable={false}
                style={
                  Object {
                    "height": 12,
                    "overflow": "hidden",
                    "top": 12,
                    "width": 24,
                  }
                }
              >
                <View
                  style={
                    Object {
                      "height": 24,
                      "transform": Array [
                        Object {
                          "translateY": -12,
                        },
                        Object {
                          "rotate": "345deg",
                        },
                      ],
                      "width": 24,
                    }
                  }
                >
                  <View
                    collapsable={false}
                    style={
                      Object {
                        "height": 12,
                        "overflow": "hidden",
                        "width": 24,
                      }
                    }
                  >
                    <View
                      style={
                        Object {
                          "borderColor": "#56AA69",
                          "borderRadius": 12,
                          "borderWidth": 2.4,
                          "height": 24,
                          "width": 24,
                        }
                      }
                    />
                  </View>
                </View>
              </View>
            </View>
          </View>
        </View>
      </View>
    </View>
  </View>,
]
`;
