// Jest Snapshot v1, https://goo.gl/fbAQLP

exports[`<TelaConfiguracoes /> matches last snapshot 1`] = `
Array [
  <View
    hasBorderBottom={false}
    style={
      Array [
        Object {
          "alignItems": "center",
          "backgroundColor": "#56AA69",
          "borderBottomColor": "#F5F4F4",
          "borderBottomWidth": 0,
          "flexDirection": "row",
          "paddingBottom": 10,
          "paddingLeft": 30,
          "paddingRight": 30,
          "paddingTop": 20,
          "width": "100%",
        },
      ]
    }
  >
    <View
      style={
        Array [
          Object {
            "flexBasis": 0,
            "flexGrow": 1,
            "flexShrink": 1,
          },
        ]
      }
    >
      <Text
        allowFontScaling={false}
        onPress={[Function]}
        style={
          Array [
            Object {
              "color": "#FFFFFF",
              "fontSize": 25,
            },
            Array [
              Object {},
            ],
            Object {
              "fontFamily": "Feather",
              "fontStyle": "normal",
              "fontWeight": "normal",
            },
            Object {},
          ]
        }
      >
        
      </Text>
    </View>
    <Text
      style={
        Array [
          Object {
            "color": "#FFFFFF",
            "fontFamily": "Proxima-Bold",
            "fontSize": 16,
            "fontWeight": "500",
          },
        ]
      }
    >
      [missing "en.screens.settings.title" translation]
    </Text>
    <View
      style={
        Array [
          Object {
            "flexBasis": 0,
            "flexDirection": "row-reverse",
            "flexGrow": 1,
            "flexShrink": 1,
          },
        ]
      }
    />
  </View>,
  <View
    style={
      Array [
        Object {
          "backgroundColor": "#F5F4F4",
          "flexBasis": 0,
          "flexGrow": 1,
          "flexShrink": 1,
        },
      ]
    }
  >
    <RCTScrollView
      contentContainerStyle={
        Object {
          "padding": 20,
        }
      }
      showsVerticalScrollIndicator={false}
      style={
        Array [
          Object {},
        ]
      }
      vertical={true}
    >
      <View>
        <View
          marginBottom={0}
          marginLeft={0}
          marginRight={0}
          marginTop={0}
          style={
            Array [
              Object {
                "backgroundColor": "#FFFFFF",
                "borderRadius": 5,
                "marginBottom": 0,
                "marginLeft": 0,
                "marginRight": 0,
                "marginTop": 0,
              },
            ]
          }
        >
          <View
            style={
              Array [
                Object {
                  "flexDirection": "row",
                  "justifyContent": "space-between",
                  "paddingBottom": 0,
                  "paddingLeft": 20,
                  "paddingRight": 10,
                  "paddingTop": 10,
                },
              ]
            }
          >
            <Text
              style={
                Array [
                  Object {
                    "color": "#3C3C3C",
                    "fontFamily": "Proxima-Bold",
                    "fontSize": 16,
                    "fontWeight": "500",
                  },
                ]
              }
            >
              [missing "en.screens.settings.options.title" translation]
            </Text>
          </View>
          <View
            paddingBottom={10}
            paddingLeft={20}
            paddingRight={20}
            paddingTop={10}
            style={
              Array [
                Object {
                  "alignItems": "flex-start",
                  "paddingBottom": 10,
                  "paddingLeft": 20,
                  "paddingRight": 20,
                  "paddingTop": 10,
                },
              ]
            }
          >
            <View
              accessible={true}
              focusable={false}
              onClick={[Function]}
              onResponderGrant={[Function]}
              onResponderMove={[Function]}
              onResponderRelease={[Function]}
              onResponderTerminate={[Function]}
              onResponderTerminationRequest={[Function]}
              onStartShouldSetResponder={[Function]}
              style={
                Object {
                  "alignItems": "center",
                  "backgroundColor": "#F5F4F4",
                  "borderColor": "#E2E2E2",
                  "borderRadius": 5,
                  "borderWidth": 1,
                  "flexDirection": "row",
                  "justifyContent": "space-between",
                  "marginBottom": 10,
                  "minHeight": 50,
                  "opacity": 1,
                  "paddingBottom": 10,
                  "paddingLeft": 10,
                  "paddingRight": 10,
                  "paddingTop": 10,
                  "width": "100%",
                }
              }
            >
              <Text
                style={
                  Array [
                    Object {
                      "color": "#3C3C3C",
                      "fontFamily": "Proxima-Bold",
                      "fontSize": 16,
                      "fontWeight": "500",
                    },
                  ]
                }
              >
                [missing "en.screens.settings.options.workOff" translation]
              </Text>
              <RCTSwitch
                accessibilityRole="switch"
                onChange={[Function]}
                onResponderTerminationRequest={[Function]}
                onStartShouldSetResponder={[Function]}
                onTintColor="#56AA69"
                style={
                  Array [
                    Object {
                      "height": 31,
                      "width": 51,
                    },
                    Array [
                      Object {},
                    ],
                  ]
                }
                tintColor=""
                value={false}
              />
            </View>
            <View
              accessible={true}
              focusable={true}
              onClick={[Function]}
              onResponderGrant={[Function]}
              onResponderMove={[Function]}
              onResponderRelease={[Function]}
              onResponderTerminate={[Function]}
              onResponderTerminationRequest={[Function]}
              onStartShouldSetResponder={[Function]}
              style={
                Object {
                  "alignItems": "center",
                  "backgroundColor": "#F5F4F4",
                  "borderColor": "#E2E2E2",
                  "borderRadius": 5,
                  "borderWidth": 1,
                  "flexDirection": "row",
                  "justifyContent": "space-between",
                  "marginBottom": 10,
                  "minHeight": 50,
                  "opacity": 1,
                  "paddingBottom": 10,
                  "paddingLeft": 10,
                  "paddingRight": 10,
                  "paddingTop": 10,
                  "width": "100%",
                }
              }
            >
              <Text
                style={
                  Array [
                    Object {
                      "color": "#3C3C3C",
                      "fontFamily": "Proxima-Bold",
                      "fontSize": 16,
                      "fontWeight": "500",
                    },
                  ]
                }
              >
                [missing "en.screens.settings.options.changePassword" translation]
              </Text>
              <Text
                allowFontScaling={false}
                style={
                  Array [
                    Object {
                      "color": undefined,
                      "fontSize": 25,
                    },
                    Array [
                      Object {
                        "color": "#E2E2E2",
                      },
                    ],
                    Object {
                      "fontFamily": "Feather",
                      "fontStyle": "normal",
                      "fontWeight": "normal",
                    },
                    Object {},
                  ]
                }
              >
                
              </Text>
            </View>
            <View
              accessible={true}
              focusable={true}
              onClick={[Function]}
              onResponderGrant={[Function]}
              onResponderMove={[Function]}
              onResponderRelease={[Function]}
              onResponderTerminate={[Function]}
              onResponderTerminationRequest={[Function]}
              onStartShouldSetResponder={[Function]}
              style={
                Object {
                  "alignItems": "center",
                  "backgroundColor": "#F5F4F4",
                  "borderColor": "#E2E2E2",
                  "borderRadius": 5,
                  "borderWidth": 1,
                  "flexDirection": "row",
                  "justifyContent": "space-between",
                  "marginBottom": 10,
                  "minHeight": 50,
                  "opacity": 1,
                  "paddingBottom": 10,
                  "paddingLeft": 10,
                  "paddingRight": 10,
                  "paddingTop": 10,
                  "width": "100%",
                }
              }
            >
              <Text
                style={
                  Array [
                    Object {
                      "color": "#3C3C3C",
                      "fontFamily": "Proxima-Bold",
                      "fontSize": 16,
                      "fontWeight": "500",
                    },
                  ]
                }
              >
                [missing "en.screens.settings.options.backup" translation]
              </Text>
              <Text
                allowFontScaling={false}
                style={
                  Array [
                    Object {
                      "color": undefined,
                      "fontSize": 25,
                    },
                    Array [
                      Object {
                        "color": "#E2E2E2",
                      },
                    ],
                    Object {
                      "fontFamily": "Feather",
                      "fontStyle": "normal",
                      "fontWeight": "normal",
                    },
                    Object {},
                  ]
                }
              >
                
              </Text>
            </View>
            <View
              accessible={true}
              focusable={true}
              onClick={[Function]}
              onResponderGrant={[Function]}
              onResponderMove={[Function]}
              onResponderRelease={[Function]}
              onResponderTerminate={[Function]}
              onResponderTerminationRequest={[Function]}
              onStartShouldSetResponder={[Function]}
              style={
                Object {
                  "alignItems": "center",
                  "backgroundColor": "#F5F4F4",
                  "borderColor": "#E2E2E2",
                  "borderRadius": 5,
                  "borderWidth": 1,
                  "flexDirection": "row",
                  "justifyContent": "space-between",
                  "marginBottom": 10,
                  "minHeight": 50,
                  "opacity": 1,
                  "paddingBottom": 10,
                  "paddingLeft": 10,
                  "paddingRight": 10,
                  "paddingTop": 10,
                  "width": "100%",
                }
              }
            >
              <Text
                style={
                  Array [
                    Object {
                      "color": "#3C3C3C",
                      "fontFamily": "Proxima-Bold",
                      "fontSize": 16,
                      "fontWeight": "500",
                    },
                  ]
                }
              >
                [missing "en.screens.settings.options.server" translation]
              </Text>
              <Text
                allowFontScaling={false}
                style={
                  Array [
                    Object {
                      "color": undefined,
                      "fontSize": 25,
                    },
                    Array [
                      Object {
                        "color": "#E2E2E2",
                      },
                    ],
                    Object {
                      "fontFamily": "Feather",
                      "fontStyle": "normal",
                      "fontWeight": "normal",
                    },
                    Object {},
                  ]
                }
              >
                
              </Text>
            </View>
            <View
              accessible={true}
              focusable={true}
              onClick={[Function]}
              onResponderGrant={[Function]}
              onResponderMove={[Function]}
              onResponderRelease={[Function]}
              onResponderTerminate={[Function]}
              onResponderTerminationRequest={[Function]}
              onStartShouldSetResponder={[Function]}
              style={
                Object {
                  "alignItems": "center",
                  "backgroundColor": "#F5F4F4",
                  "borderColor": "#E2E2E2",
                  "borderRadius": 5,
                  "borderWidth": 1,
                  "flexDirection": "row",
                  "justifyContent": "space-between",
                  "marginBottom": 10,
                  "minHeight": 50,
                  "opacity": 1,
                  "paddingBottom": 10,
                  "paddingLeft": 10,
                  "paddingRight": 10,
                  "paddingTop": 10,
                  "width": "100%",
                }
              }
            >
              <Text
                style={
                  Array [
                    Object {
                      "color": "#3C3C3C",
                      "fontFamily": "Proxima-Bold",
                      "fontSize": 16,
                      "fontWeight": "500",
                    },
                  ]
                }
              >
                [missing "en.screens.settings.options.changeBoard" translation]
              </Text>
              <Text
                allowFontScaling={false}
                style={
                  Array [
                    Object {
                      "color": undefined,
                      "fontSize": 25,
                    },
                    Array [
                      Object {
                        "color": "#E2E2E2",
                      },
                    ],
                    Object {
                      "fontFamily": "Feather",
                      "fontStyle": "normal",
                      "fontWeight": "normal",
                    },
                    Object {},
                  ]
                }
              >
                
              </Text>
            </View>
            <View
              accessible={true}
              focusable={true}
              onClick={[Function]}
              onResponderGrant={[Function]}
              onResponderMove={[Function]}
              onResponderRelease={[Function]}
              onResponderTerminate={[Function]}
              onResponderTerminationRequest={[Function]}
              onStartShouldSetResponder={[Function]}
              style={
                Object {
                  "alignItems": "center",
                  "backgroundColor": "#F5F4F4",
                  "borderColor": "#E2E2E2",
                  "borderRadius": 5,
                  "borderWidth": 1,
                  "flexDirection": "row",
                  "justifyContent": "space-between",
                  "marginBottom": 10,
                  "minHeight": 50,
                  "opacity": 1,
                  "paddingBottom": 10,
                  "paddingLeft": 10,
                  "paddingRight": 10,
                  "paddingTop": 10,
                  "width": "100%",
                }
              }
            >
              <Text
                style={
                  Array [
                    Object {
                      "color": "#3C3C3C",
                      "fontFamily": "Proxima-Bold",
                      "fontSize": 16,
                      "fontWeight": "500",
                    },
                  ]
                }
              >
                [missing "en.screens.settings.options.changeRegions" translation]
              </Text>
              <Text
                allowFontScaling={false}
                style={
                  Array [
                    Object {
                      "color": undefined,
                      "fontSize": 25,
                    },
                    Array [
                      Object {
                        "color": "#E2E2E2",
                      },
                    ],
                    Object {
                      "fontFamily": "Feather",
                      "fontStyle": "normal",
                      "fontWeight": "normal",
                    },
                    Object {},
                  ]
                }
              >
                
              </Text>
            </View>
            <View
              accessible={true}
              focusable={true}
              onClick={[Function]}
              onResponderGrant={[Function]}
              onResponderMove={[Function]}
              onResponderRelease={[Function]}
              onResponderTerminate={[Function]}
              onResponderTerminationRequest={[Function]}
              onStartShouldSetResponder={[Function]}
              style={
                Object {
                  "alignItems": "center",
                  "backgroundColor": "#F5F4F4",
                  "borderColor": "#E2E2E2",
                  "borderRadius": 5,
                  "borderWidth": 1,
                  "flexDirection": "row",
                  "justifyContent": "space-between",
                  "marginBottom": 10,
                  "minHeight": 50,
                  "opacity": 1,
                  "paddingBottom": 10,
                  "paddingLeft": 10,
                  "paddingRight": 10,
                  "paddingTop": 10,
                  "width": "100%",
                }
              }
            >
              <Text
                style={
                  Array [
                    Object {
                      "color": "#3C3C3C",
                      "fontFamily": "Proxima-Bold",
                      "fontSize": 16,
                      "fontWeight": "500",
                    },
                  ]
                }
              >
                [missing "en.screens.settings.options.logof" translation]
              </Text>
              <Text
                allowFontScaling={false}
                style={
                  Array [
                    Object {
                      "color": undefined,
                      "fontSize": 25,
                    },
                    Array [
                      Object {
                        "color": "#E2E2E2",
                      },
                    ],
                    Object {
                      "fontFamily": "Feather",
                      "fontStyle": "normal",
                      "fontWeight": "normal",
                    },
                    Object {},
                  ]
                }
              >
                
              </Text>
            </View>
            <View
              style={
                Array [
                  Object {
                    "alignItems": "center",
                    "justifyContent": "center",
                    "paddingBottom": 5,
                    "paddingLeft": 5,
                    "paddingRight": 5,
                    "paddingTop": 5,
                    "width": "100%",
                  },
                ]
              }
            >
              <Text
                style={
                  Array [
                    Object {
                      "color": "#515151",
                      "fontFamily": "Proxima-Semibold",
                      "fontSize": 14.5,
                      "fontWeight": "400",
                      "paddingBottom": 5,
                    },
                  ]
                }
              >
                [missing "en.appVersion" translation]
              </Text>
              <Text
                style={
                  Array [
                    Object {
                      "color": "#515151",
                      "fontFamily": "Proxima-Semibold",
                      "fontSize": 14.5,
                      "fontWeight": "400",
                      "paddingBottom": 5,
                    },
                  ]
                }
              >
                [missing "en.restVersion" translation]
              </Text>
            </View>
          </View>
        </View>
      </View>
    </RCTScrollView>
  </View>,
]
`;
