// Jest Snapshot v1, https://goo.gl/fbAQLP

exports[`<TelaDetalhesResiduoLocal /> matches last snapshot 1`] = `
Array [
  <View
    hasBorderBottom={false}
    style={
      Array [
        Object {
          "alignItems": "center",
          "backgroundColor": "#56AA69",
          "borderBottomColor": "#F5F4F4",
          "borderBottomWidth": 0,
          "flexDirection": "row",
          "paddingBottom": 10,
          "paddingLeft": 30,
          "paddingRight": 30,
          "paddingTop": 20,
          "width": "100%",
        },
      ]
    }
  >
    <View
      style={
        Array [
          Object {
            "flexBasis": 0,
            "flexGrow": 1,
            "flexShrink": 1,
          },
        ]
      }
    >
      <Text
        allowFontScaling={false}
        onPress={[Function]}
        style={
          Array [
            Object {
              "color": "#FFFFFF",
              "fontSize": 25,
            },
            Array [
              Object {},
            ],
            Object {
              "fontFamily": "Feather",
              "fontStyle": "normal",
              "fontWeight": "normal",
            },
            Object {},
          ]
        }
      >
        
      </Text>
    </View>
    <Text
      style={
        Array [
          Object {
            "color": "#FFFFFF",
            "fontFamily": "Proxima-Bold",
            "fontSize": 16,
            "fontWeight": "500",
          },
        ]
      }
    >
      [missing "en.screens.residuesDetailsLocal.title" translation]
    </Text>
    <View
      style={
        Array [
          Object {
            "flexBasis": 0,
            "flexDirection": "row-reverse",
            "flexGrow": 1,
            "flexShrink": 1,
          },
        ]
      }
    />
  </View>,
  <View
    style={
      Array [
        Object {
          "backgroundColor": "#F5F4F4",
          "flexBasis": 0,
          "flexGrow": 1,
          "flexShrink": 1,
        },
      ]
    }
  >
    <Modal
      hardwareAccelerated={false}
      style={
        Array [
          Object {},
        ]
      }
      transparent={true}
      visible={false}
    >
      <View
        style={
          Array [
            Object {
              "backgroundColor": "#FFFFFF",
              "borderRadius": 10,
              "marginBottom": 80,
              "marginLeft": 20,
              "marginRight": 20,
              "marginTop": 80,
              "position": "relative",
            },
          ]
        }
      >
        <Image
          resizeMode="cover"
          source={
            Object {
              "uri": "data:image/jpg;base64,undefined",
            }
          }
          style={
            Array [
              Object {
                "borderRadius": 10,
                "height": "100%",
                "width": "100%",
              },
            ]
          }
        />
        <View
          accessible={true}
          focusable={true}
          onClick={[Function]}
          onResponderGrant={[Function]}
          onResponderMove={[Function]}
          onResponderRelease={[Function]}
          onResponderTerminate={[Function]}
          onResponderTerminationRequest={[Function]}
          onStartShouldSetResponder={[Function]}
          style={
            Object {
              "borderColor": "#E2E2E2",
              "borderRadius": 5,
              "borderWidth": 1,
              "marginBottom": 10,
              "marginLeft": 10,
              "marginRight": 10,
              "marginTop": 10,
              "opacity": 1,
              "paddingBottom": 5,
              "paddingLeft": 5,
              "paddingRight": 5,
              "paddingTop": 5,
              "position": "absolute",
              "right": 0,
              "top": 0,
            }
          }
        >
          <Text
            allowFontScaling={false}
            style={
              Array [
                Object {
                  "color": undefined,
                  "fontSize": 25,
                },
                Array [
                  Object {
                    "color": "#E2E2E2",
                  },
                ],
                Object {
                  "fontFamily": "Feather",
                  "fontStyle": "normal",
                  "fontWeight": "normal",
                },
                Object {},
              ]
            }
          >
            
          </Text>
        </View>
      </View>
    </Modal>
    <RCTScrollView
      contentContainerStyle={
        Object {
          "padding": 20,
        }
      }
      showsVerticalScrollIndicator={false}
      style={
        Array [
          Object {},
        ]
      }
      vertical={true}
    >
      <View>
        <View
          style={
            Array [
              Object {
                "backgroundColor": "#FFFFFF",
                "borderRadius": 5,
                "marginBottom": 10,
                "paddingBottom": 10,
                "paddingLeft": 10,
                "paddingRight": 10,
                "paddingTop": 10,
              },
            ]
          }
        >
          <Text
            style={
              Array [
                Object {
                  "color": "#3C3C3C",
                  "fontFamily": "Proxima-Bold",
                  "fontSize": 14,
                  "fontWeight": "500",
                  "marginBottom": 5,
                  "marginLeft": 10,
                },
              ]
            }
          >
            [missing "en.screens.residuesDetailsLocal.name" translation]
          </Text>
          <View
            style={
              Array [
                Object {
                  "backgroundColor": "#F5F4F4",
                  "borderRadius": 5,
                  "justifyContent": "center",
                  "marginBottom": 10,
                  "minHeight": 50,
                  "paddingBottom": 10,
                  "paddingLeft": 20,
                  "paddingRight": 20,
                  "paddingTop": 10,
                },
              ]
            }
          >
            <Text
              style={
                Array [
                  Object {
                    "color": "#515151",
                    "fontFamily": "Proxima-Semibold",
                    "fontSize": 14.5,
                    "fontWeight": "400",
                  },
                ]
              }
            >
              
            </Text>
          </View>
          <Text
            style={
              Array [
                Object {
                  "color": "#3C3C3C",
                  "fontFamily": "Proxima-Bold",
                  "fontSize": 14,
                  "fontWeight": "500",
                  "marginBottom": 5,
                  "marginLeft": 10,
                },
              ]
            }
          >
            [missing "en.screens.residuesDetailsLocal.subgroup" translation]
          </Text>
          <View
            style={
              Array [
                Object {
                  "backgroundColor": "#F5F4F4",
                  "borderRadius": 5,
                  "justifyContent": "center",
                  "marginBottom": 10,
                  "minHeight": 50,
                  "paddingBottom": 10,
                  "paddingLeft": 20,
                  "paddingRight": 20,
                  "paddingTop": 10,
                },
              ]
            }
          >
            <Text
              style={
                Array [
                  Object {
                    "color": "#515151",
                    "fontFamily": "Proxima-Semibold",
                    "fontSize": 14.5,
                    "fontWeight": "400",
                  },
                ]
              }
            >
              
            </Text>
          </View>
          <Text
            style={
              Array [
                Object {
                  "color": "#3C3C3C",
                  "fontFamily": "Proxima-Bold",
                  "fontSize": 14,
                  "fontWeight": "500",
                  "marginBottom": 5,
                  "marginLeft": 10,
                },
              ]
            }
          >
            [missing "en.screens.residuesDetailsLocal.amount" translation]
          </Text>
          <View
            style={
              Array [
                Object {
                  "backgroundColor": "#F5F4F4",
                  "borderRadius": 5,
                  "justifyContent": "center",
                  "marginBottom": 10,
                  "minHeight": 50,
                  "paddingBottom": 10,
                  "paddingLeft": 20,
                  "paddingRight": 20,
                  "paddingTop": 10,
                },
              ]
            }
          >
            <Text
              style={
                Array [
                  Object {
                    "color": "#515151",
                    "fontFamily": "Proxima-Semibold",
                    "fontSize": 14.5,
                    "fontWeight": "400",
                  },
                ]
              }
            >
              
            </Text>
          </View>
          <Text
            style={
              Array [
                Object {
                  "color": "#3C3C3C",
                  "fontFamily": "Proxima-Bold",
                  "fontSize": 14,
                  "fontWeight": "500",
                  "marginBottom": 5,
                  "marginLeft": 10,
                },
              ]
            }
          >
            [missing "en.screens.residuesDetailsLocal.observation" translation]
          </Text>
          <View
            style={
              Array [
                Object {
                  "backgroundColor": "#F5F4F4",
                  "borderRadius": 5,
                  "justifyContent": "center",
                  "marginBottom": 10,
                  "minHeight": 50,
                  "paddingBottom": 10,
                  "paddingLeft": 20,
                  "paddingRight": 20,
                  "paddingTop": 10,
                },
              ]
            }
          >
            <Text
              style={
                Array [
                  Object {
                    "color": "#515151",
                    "fontFamily": "Proxima-Semibold",
                    "fontSize": 14.5,
                    "fontWeight": "400",
                  },
                ]
              }
            >
              [missing "en.notInformed" translation]
            </Text>
          </View>
        </View>
      </View>
    </RCTScrollView>
  </View>,
]
`;
