// Jest Snapshot v1, https://goo.gl/fbAQLP

exports[`<TelaHome /> matches last snapshot 1`] = `
Array [
  <View
    style={
      Array [
        Object {
          "alignItems": "center",
          "backgroundColor": "#56AA69",
          "justifyContent": "center",
          "paddingBottom": 10,
          "paddingTop": 30,
        },
      ]
    }
  >
    <Text
      style={
        Array [
          Object {
            "color": "#FFFFFF",
            "fontFamily": "Proxima-Bold",
            "fontSize": 22,
            "fontWeight": "500",
          },
        ]
      }
    >
      [missing "en.screens.home.title" translation]
    </Text>
  </View>,
  <View
    style={
      Array [
        Object {
          "backgroundColor": "#F5F4F4",
          "flexBasis": 0,
          "flexGrow": 1,
          "flexShrink": 1,
          "paddingBottom": 0,
          "paddingLeft": 5,
          "paddingRight": 5,
          "paddingTop": 5,
        },
      ]
    }
  >
    <Modal
      animationType="fade"
      hardwareAccelerated={false}
      style={
        Array [
          Object {},
        ]
      }
      transparent={true}
      visible={false}
    >
      <View
        style={
          Array [
            Object {
              "alignItems": "center",
              "backgroundColor": "rgba(0, 0, 0, 0.5)",
              "flexBasis": 0,
              "flexGrow": 1,
              "flexShrink": 1,
              "justifyContent": "center",
              "position": "relative",
            },
          ]
        }
      >
        <View
          style={
            Array [
              Object {
                "alignItems": "center",
                "backgroundColor": "#FFFFFF",
                "borderRadius": 10,
                "justifyContent": "center",
                "minHeight": 150,
                "width": "80%",
              },
            ]
          }
        >
          <View
            style={
              Array [
                Object {
                  "alignItems": "center",
                  "flexBasis": 0,
                  "flexDirection": "row",
                  "flexGrow": 0.5,
                  "flexShrink": 1,
                  "paddingTop": 5,
                  "width": "100%",
                },
              ]
            }
          >
            <Text
              style={
                Array [
                  Object {
                    "color": "#3C3C3C",
                    "flexBasis": 0,
                    "flexGrow": 1,
                    "flexShrink": 1,
                    "fontFamily": "Proxima-Bold",
                    "fontSize": 16,
                    "fontWeight": "500",
                    "textAlign": "center",
                  },
                ]
              }
            >
              [missing "en.components.synchronization.title" translation]
            </Text>
          </View>
          <View
            style={
              Array [
                Object {
                  "alignItems": "center",
                  "flexBasis": 0,
                  "flexGrow": 1,
                  "flexShrink": 1,
                  "justifyContent": "center",
                  "paddingLeft": 20,
                  "paddingRight": 20,
                  "width": "100%",
                },
              ]
            }
          >
            <Text
              style={
                Array [
                  Object {
                    "color": "#3C3C3C",
                    "fontFamily": "Proxima-Bold",
                    "fontSize": 16,
                    "fontWeight": "500",
                    "textAlign": "center",
                  },
                ]
              }
            >
              [missing "en.components.synchronization.finish" translation]
            </Text>
          </View>
          <View
            style={
              Array [
                Object {
                  "alignItems": "center",
                  "justifyContent": "center",
                  "paddingBottom": 20,
                },
              ]
            }
          >
            <View
              accessibilityRole="progressbar"
              accessibilityState={
                Object {
                  "busy": true,
                }
              }
              accessible={true}
              style={
                Array [
                  Object {
                    "alignItems": "center",
                    "justifyContent": "center",
                  },
                  undefined,
                ]
              }
            >
              <View
                collapsable={false}
                style={
                  Object {
                    "height": 20,
                    "opacity": 1,
                    "width": 20,
                  }
                }
              >
                <View
                  style={
                    Object {
                      "alignItems": "center",
                      "bottom": 0,
                      "justifyContent": "center",
                      "left": 0,
                      "position": "absolute",
                      "right": 0,
                      "top": 0,
                    }
                  }
                >
                  <View
                    style={
                      Object {
                        "height": 20,
                        "transform": Array [
                          Object {
                            "rotate": "45deg",
                          },
                        ],
                        "width": 20,
                      }
                    }
                  >
                    <View
                      collapsable={false}
                      style={
                        Object {
                          "height": 10,
                          "overflow": "hidden",
                          "width": 20,
                        }
                      }
                    >
                      <View
                        style={
                          Object {
                            "height": 20,
                            "transform": Array [
                              Object {
                                "translateY": 0,
                              },
                              Object {
                                "rotate": "-165deg",
                              },
                            ],
                            "width": 20,
                          }
                        }
                      >
                        <View
                          collapsable={false}
                          style={
                            Object {
                              "height": 10,
                              "overflow": "hidden",
                              "width": 20,
                            }
                          }
                        >
                          <View
                            style={
                              Object {
                                "borderColor": "#E2E2E2",
                                "borderRadius": 10,
                                "borderWidth": 2,
                                "height": 20,
                                "width": 20,
                              }
                            }
                          />
                        </View>
                      </View>
                    </View>
                  </View>
                </View>
                <View
                  style={
                    Object {
                      "alignItems": "center",
                      "bottom": 0,
                      "justifyContent": "center",
                      "left": 0,
                      "position": "absolute",
                      "right": 0,
                      "top": 0,
                    }
                  }
                >
                  <View
                    style={
                      Object {
                        "height": 20,
                        "transform": Array [
                          Object {
                            "rotate": "45deg",
                          },
                        ],
                        "width": 20,
                      }
                    }
                  >
                    <View
                      collapsable={false}
                      style={
                        Object {
                          "height": 10,
                          "overflow": "hidden",
                          "top": 10,
                          "width": 20,
                        }
                      }
                    >
                      <View
                        style={
                          Object {
                            "height": 20,
                            "transform": Array [
                              Object {
                                "translateY": -10,
                              },
                              Object {
                                "rotate": "345deg",
                              },
                            ],
                            "width": 20,
                          }
                        }
                      >
                        <View
                          collapsable={false}
                          style={
                            Object {
                              "height": 10,
                              "overflow": "hidden",
                              "width": 20,
                            }
                          }
                        >
                          <View
                            style={
                              Object {
                                "borderColor": "#E2E2E2",
                                "borderRadius": 10,
                                "borderWidth": 2,
                                "height": 20,
                                "width": 20,
                              }
                            }
                          />
                        </View>
                      </View>
                    </View>
                  </View>
                </View>
              </View>
            </View>
          </View>
        </View>
      </View>
    </Modal>
    <View
      flex={0.8}
      style={
        Array [
          Object {
            "flexBasis": 0,
            "flexDirection": "row",
            "flexGrow": 0.8,
            "flexShrink": 1,
            "justifyContent": "space-between",
            "marginBottom": 5,
          },
        ]
      }
    >
      <View
        accessible={true}
        focusable={true}
        onClick={[Function]}
        onResponderGrant={[Function]}
        onResponderMove={[Function]}
        onResponderRelease={[Function]}
        onResponderTerminate={[Function]}
        onResponderTerminationRequest={[Function]}
        onStartShouldSetResponder={[Function]}
        style={
          Object {
            "alignItems": "center",
            "backgroundColor": "#56AA69",
            "height": "100%",
            "justifyContent": "center",
            "opacity": 1,
            "width": "60%",
          }
        }
      >
        <Text
          allowFontScaling={false}
          style={
            Array [
              Object {
                "color": "#FFFFFF",
                "fontSize": 30,
              },
              Array [
                Object {},
              ],
              Object {
                "fontFamily": "Feather",
                "fontStyle": "normal",
                "fontWeight": "normal",
              },
              Object {},
            ]
          }
        >
          
        </Text>
        <Text
          style={
            Array [
              Object {
                "color": "#FFFFFF",
                "fontFamily": "Proxima-Bold",
                "fontSize": 16,
                "fontWeight": "500",
                "marginTop": 5,
                "textAlign": "center",
                "textTransform": "uppercase",
              },
            ]
          }
        >
          [missing "en.screens.home.options.scheduledCollections" translation]
        </Text>
      </View>
      <View
        accessible={true}
        focusable={true}
        onClick={[Function]}
        onResponderGrant={[Function]}
        onResponderMove={[Function]}
        onResponderRelease={[Function]}
        onResponderTerminate={[Function]}
        onResponderTerminationRequest={[Function]}
        onStartShouldSetResponder={[Function]}
        style={
          Object {
            "alignItems": "center",
            "backgroundColor": "#F78D24",
            "height": "100%",
            "justifyContent": "center",
            "opacity": 1,
            "width": "38.5%",
          }
        }
      >
        <Text
          allowFontScaling={false}
          style={
            Array [
              Object {
                "color": "#FFFFFF",
                "fontSize": 30,
              },
              Array [
                Object {},
              ],
              Object {
                "fontFamily": "Feather",
                "fontStyle": "normal",
                "fontWeight": "normal",
              },
              Object {},
            ]
          }
        >
          
        </Text>
        <Text
          style={
            Array [
              Object {
                "color": "#FFFFFF",
                "fontFamily": "Proxima-Bold",
                "fontSize": 16,
                "fontWeight": "500",
                "marginTop": 5,
                "textAlign": "center",
                "textTransform": "uppercase",
              },
            ]
          }
        >
          [missing "en.screens.home.options.clients" translation]
        </Text>
      </View>
    </View>
    <View
      flex={1}
      style={
        Array [
          Object {
            "flexBasis": 0,
            "flexDirection": "row",
            "flexGrow": 1,
            "flexShrink": 1,
            "justifyContent": "space-between",
            "marginBottom": 5,
          },
        ]
      }
    >
      <View
        style={
          Array [
            Object {
              "flexBasis": 0,
              "flexGrow": 1,
              "flexShrink": 1,
              "justifyContent": "space-between",
            },
          ]
        }
      >
        <View
          accessible={true}
          focusable={true}
          onClick={[Function]}
          onResponderGrant={[Function]}
          onResponderMove={[Function]}
          onResponderRelease={[Function]}
          onResponderTerminate={[Function]}
          onResponderTerminationRequest={[Function]}
          onStartShouldSetResponder={[Function]}
          style={
            Object {
              "alignItems": "center",
              "backgroundColor": "#56AA69",
              "height": "50%",
              "justifyContent": "center",
              "opacity": 1,
              "width": "97%",
            }
          }
        >
          <Text
            allowFontScaling={false}
            style={
              Array [
                Object {
                  "color": "#FFFFFF",
                  "fontSize": 30,
                },
                Array [
                  Object {},
                ],
                Object {
                  "fontFamily": "Feather",
                  "fontStyle": "normal",
                  "fontWeight": "normal",
                },
                Object {},
              ]
            }
          >
            
          </Text>
          <Text
            style={
              Array [
                Object {
                  "color": "#FFFFFF",
                  "fontFamily": "Proxima-Bold",
                  "fontSize": 16,
                  "fontWeight": "500",
                  "marginTop": 5,
                  "textAlign": "center",
                  "textTransform": "uppercase",
                },
              ]
            }
          >
            [missing "en.screens.home.options.drafts" translation]
          </Text>
        </View>
        <View
          accessible={true}
          focusable={true}
          onClick={[Function]}
          onResponderGrant={[Function]}
          onResponderMove={[Function]}
          onResponderRelease={[Function]}
          onResponderTerminate={[Function]}
          onResponderTerminationRequest={[Function]}
          onStartShouldSetResponder={[Function]}
          style={
            Object {
              "alignItems": "center",
              "backgroundColor": "#F78D24",
              "height": "48%",
              "justifyContent": "center",
              "opacity": 1,
              "width": "97%",
            }
          }
        >
          <Text
            allowFontScaling={false}
            style={
              Array [
                Object {
                  "color": "#FFFFFF",
                  "fontSize": 30,
                },
                Array [
                  Object {},
                ],
                Object {
                  "fontFamily": "Feather",
                  "fontStyle": "normal",
                  "fontWeight": "normal",
                },
                Object {},
              ]
            }
          >
            
          </Text>
          <Text
            style={
              Array [
                Object {
                  "color": "#FFFFFF",
                  "fontFamily": "Proxima-Bold",
                  "fontSize": 16,
                  "fontWeight": "500",
                  "marginTop": 5,
                  "textAlign": "center",
                  "textTransform": "uppercase",
                },
              ]
            }
          >
            [missing "en.screens.home.options.history" translation]
          </Text>
        </View>
      </View>
      <View
        accessible={true}
        focusable={true}
        onClick={[Function]}
        onResponderGrant={[Function]}
        onResponderMove={[Function]}
        onResponderRelease={[Function]}
        onResponderTerminate={[Function]}
        onResponderTerminationRequest={[Function]}
        onStartShouldSetResponder={[Function]}
        style={
          Object {
            "alignItems": "center",
            "backgroundColor": "#56AA69",
            "height": "100%",
            "justifyContent": "center",
            "opacity": 1,
            "width": "57%",
          }
        }
      >
        <Text
          allowFontScaling={false}
          style={
            Array [
              Object {
                "color": "#FFFFFF",
                "fontSize": 30,
              },
              Array [
                Object {},
              ],
              Object {
                "fontFamily": "Feather",
                "fontStyle": "normal",
                "fontWeight": "normal",
              },
              Object {},
            ]
          }
        >
          
        </Text>
        <Text
          style={
            Array [
              Object {
                "color": "#FFFFFF",
                "fontFamily": "Proxima-Bold",
                "fontSize": 16,
                "fontWeight": "500",
                "marginTop": 5,
                "textAlign": "center",
                "textTransform": "uppercase",
              },
            ]
          }
        >
          [missing "en.screens.home.options.newCollect" translation]
        </Text>
      </View>
    </View>
    <View
      flex={0.8}
      style={
        Array [
          Object {
            "flexBasis": 0,
            "flexDirection": "row",
            "flexGrow": 0.8,
            "flexShrink": 1,
            "justifyContent": "space-between",
            "marginBottom": 5,
          },
        ]
      }
    >
      <View
        accessible={true}
        focusable={true}
        onClick={[Function]}
        onResponderGrant={[Function]}
        onResponderMove={[Function]}
        onResponderRelease={[Function]}
        onResponderTerminate={[Function]}
        onResponderTerminationRequest={[Function]}
        onStartShouldSetResponder={[Function]}
        style={
          Object {
            "alignItems": "center",
            "backgroundColor": "#56AA69",
            "height": "100%",
            "justifyContent": "center",
            "opacity": 1,
            "width": "60%",
          }
        }
      >
        <Text
          allowFontScaling={false}
          style={
            Array [
              Object {
                "color": "#FFFFFF",
                "fontSize": 30,
              },
              Array [
                Object {},
              ],
              Object {
                "fontFamily": "Feather",
                "fontStyle": "normal",
                "fontWeight": "normal",
              },
              Object {},
            ]
          }
        >
          
        </Text>
        <Text
          style={
            Array [
              Object {
                "color": "#FFFFFF",
                "fontFamily": "Proxima-Bold",
                "fontSize": 16,
                "fontWeight": "500",
                "marginTop": 5,
                "textAlign": "center",
                "textTransform": "uppercase",
              },
            ]
          }
        >
          [missing "en.screens.home.options.settings" translation]
        </Text>
      </View>
      <View
        accessible={true}
        focusable={true}
        onClick={[Function]}
        onResponderGrant={[Function]}
        onResponderMove={[Function]}
        onResponderRelease={[Function]}
        onResponderTerminate={[Function]}
        onResponderTerminationRequest={[Function]}
        onStartShouldSetResponder={[Function]}
        style={
          Object {
            "alignItems": "center",
            "backgroundColor": "#F78D24",
            "height": "100%",
            "justifyContent": "center",
            "opacity": 1,
            "width": "38.5%",
          }
        }
      >
        <Text
          allowFontScaling={false}
          style={
            Array [
              Object {
                "color": "#FFFFFF",
                "fontSize": 30,
              },
              Array [
                Object {},
              ],
              Object {
                "fontFamily": "Feather",
                "fontStyle": "normal",
                "fontWeight": "normal",
              },
              Object {},
            ]
          }
        >
          
        </Text>
        <Text
          style={
            Array [
              Object {
                "color": "#FFFFFF",
                "fontFamily": "Proxima-Bold",
                "fontSize": 16,
                "fontWeight": "500",
                "marginTop": 5,
                "textAlign": "center",
                "textTransform": "uppercase",
              },
            ]
          }
        >
          [missing "en.screens.home.options.synchronize" translation]
        </Text>
      </View>
    </View>
  </View>,
]
`;
