// Jest Snapshot v1, https://goo.gl/fbAQLP

exports[`<TelaRecusaAssinatura /> matches last snapshot 1`] = `
Array [
  <View
    hasBorderBottom={false}
    style={
      Array [
        Object {
          "alignItems": "center",
          "backgroundColor": "#56AA69",
          "borderBottomColor": "#F5F4F4",
          "borderBottomWidth": 0,
          "flexDirection": "row",
          "paddingBottom": 10,
          "paddingLeft": 30,
          "paddingRight": 30,
          "paddingTop": 20,
          "width": "100%",
        },
      ]
    }
  >
    <View
      style={
        Array [
          Object {
            "flexBasis": 0,
            "flexGrow": 1,
            "flexShrink": 1,
          },
        ]
      }
    >
      <Text
        allowFontScaling={false}
        onPress={[Function]}
        style={
          Array [
            Object {
              "color": "#FFFFFF",
              "fontSize": 25,
            },
            Array [
              Object {},
            ],
            Object {
              "fontFamily": "Feather",
              "fontStyle": "normal",
              "fontWeight": "normal",
            },
            Object {},
          ]
        }
      >
        ÔÑê
      </Text>
    </View>
    <Text
      style={
        Array [
          Object {
            "color": "#FFFFFF",
            "fontFamily": "Proxima-Bold",
            "fontSize": 16,
            "fontWeight": "500",
          },
        ]
      }
    >
      [missing "en.screens.refuseSignature.title" translation]
    </Text>
    <View
      style={
        Array [
          Object {
            "flexBasis": 0,
            "flexDirection": "row-reverse",
            "flexGrow": 1,
            "flexShrink": 1,
          },
        ]
      }
    />
  </View>,
  <View
    style={
      Array [
        Object {
          "backgroundColor": "#F5F4F4",
          "flexBasis": 0,
          "flexGrow": 1,
          "flexShrink": 1,
        },
      ]
    }
  >
    <RCTScrollView
      contentContainerStyle={
        Object {
          "padding": 20,
        }
      }
      showsVerticalScrollIndicator={false}
      style={
        Array [
          Object {},
        ]
      }
      vertical={true}
    >
      <View>
        <View
          marginBottom={0}
          marginLeft={0}
          marginRight={0}
          marginTop={0}
          style={
            Array [
              Object {
                "backgroundColor": "#FFFFFF",
                "borderRadius": 5,
                "marginBottom": 0,
                "marginLeft": 0,
                "marginRight": 0,
                "marginTop": 0,
              },
            ]
          }
        >
          <View
            style={
              Array [
                Object {
                  "flexDirection": "row",
                  "justifyContent": "space-between",
                  "paddingBottom": 0,
                  "paddingLeft": 20,
                  "paddingRight": 10,
                  "paddingTop": 10,
                },
              ]
            }
          >
            <Text
              style={
                Array [
                  Object {
                    "color": "#3C3C3C",
                    "fontFamily": "Proxima-Bold",
                    "fontSize": 16,
                    "fontWeight": "500",
                  },
                ]
              }
            >
              [missing "en.screens.refuseSignature.refuseSignatureDetails" translation]
            </Text>
          </View>
          <View
            paddingBottom={10}
            paddingLeft={20}
            paddingRight={20}
            paddingTop={10}
            style={
              Array [
                Object {
                  "alignItems": "flex-start",
                  "paddingBottom": 10,
                  "paddingLeft": 20,
                  "paddingRight": 20,
                  "paddingTop": 10,
                },
              ]
            }
          >
            <Text
              marginBottom={5}
              style={
                Array [
                  Object {
                    "color": "#F91E1E",
                    "fontFamily": "Proxima-Semibold",
                    "fontSize": 14.5,
                    "fontWeight": "400",
                    "marginBottom": 5,
                    "marginTop": 0,
                  },
                ]
              }
            >
              [missing "en.screens.refuseSignature.responsible.title" translation]
            </Text>
            <TextInput
              allowFontScaling={true}
              autoCorrect={true}
              maxLength={100}
              onChangeText={[Function]}
              placeholder="[missing \\"en.screens.refuseSignature.responsible.placeholder\\" translation]"
              placeholderTextColor="#B7BCC3"
              rejectResponderTermination={true}
              style={
                Array [
                  Object {
                    "backgroundColor": "#F5F4F4",
                    "borderRadius": 5,
                    "minHeight": 50,
                    "paddingBottom": 10,
                    "paddingLeft": 20,
                    "paddingRight": 20,
                    "paddingTop": 10,
                  },
                ]
              }
              underlineColorAndroid="transparent"
              value=""
            />
            <Text
              marginBottom={5}
              marginTop={5}
              style={
                Array [
                  Object {
                    "color": "#F91E1E",
                    "fontFamily": "Proxima-Semibold",
                    "fontSize": 14.5,
                    "fontWeight": "400",
                    "marginBottom": 5,
                    "marginTop": 5,
                  },
                ]
              }
            >
              [missing "en.screens.refuseSignature.reason.title" translation]
            </Text>
            <TextInput
              allowFontScaling={true}
              autoCorrect={true}
              maxLength={100}
              onChangeText={[Function]}
              placeholder="[missing \\"en.screens.refuseSignature.reason.placeholder\\" translation]"
              placeholderTextColor="#B7BCC3"
              rejectResponderTermination={true}
              style={
                Array [
                  Object {
                    "backgroundColor": "#F5F4F4",
                    "borderRadius": 5,
                    "minHeight": 50,
                    "paddingBottom": 10,
                    "paddingLeft": 20,
                    "paddingRight": 20,
                    "paddingTop": 10,
                  },
                ]
              }
              underlineColorAndroid="transparent"
              value=""
            />
          </View>
        </View>
        <View
          style={
            Array [
              Object {
                "marginBottom": 30,
                "marginLeft": 20,
                "marginRight": 20,
                "marginTop": 30,
              },
            ]
          }
        >
          <View
            accessible={true}
            focusable={true}
            onClick={[Function]}
            onResponderGrant={[Function]}
            onResponderMove={[Function]}
            onResponderRelease={[Function]}
            onResponderTerminate={[Function]}
            onResponderTerminationRequest={[Function]}
            onStartShouldSetResponder={[Function]}
            style={
              Object {
                "alignItems": "center",
                "backgroundColor": "#F78D24",
                "borderRadius": 5,
                "flexBasis": 0,
                "flexGrow": 1,
                "flexShrink": 1,
                "justifyContent": "center",
                "minHeight": 50,
                "opacity": 1,
                "position": "relative",
              }
            }
          >
            <Text
              style={
                Array [
                  Object {
                    "color": "#FFFFFF",
                    "fontFamily": "Proxima-Bold",
                    "fontSize": 16,
                    "fontWeight": "500",
                  },
                ]
              }
              textColor="#FFFFFF"
            >
              [missing "en.screens.refuseSignature.button" translation]
            </Text>
          </View>
        </View>
      </View>
    </RCTScrollView>
  </View>,
]
`;
