// Jest Snapshot v1, https://goo.gl/fbAQLP

exports[`<TelaResumoColeta /> matches last snapshot 1`] = `
Array [
  <View
    hasBorderBottom={false}
    style={
      Array [
        Object {
          "alignItems": "center",
          "backgroundColor": "#56AA69",
          "borderBottomColor": "#F5F4F4",
          "borderBottomWidth": 0,
          "flexDirection": "row",
          "paddingBottom": 10,
          "paddingLeft": 30,
          "paddingRight": 30,
          "paddingTop": 20,
          "width": "100%",
        },
      ]
    }
  >
    <View
      style={
        Array [
          Object {
            "flexBasis": 0,
            "flexGrow": 1,
            "flexShrink": 1,
          },
        ]
      }
    >
      <Text
        allowFontScaling={false}
        onPress={[Function]}
        style={
          Array [
            Object {
              "color": "#FFFFFF",
              "fontSize": 25,
            },
            Array [
              Object {},
            ],
            Object {
              "fontFamily": "Feather",
              "fontStyle": "normal",
              "fontWeight": "normal",
            },
            Object {},
          ]
        }
      >
        
      </Text>
    </View>
    <Text
      style={
        Array [
          Object {
            "color": "#FFFFFF",
            "fontFamily": "Proxima-Bold",
            "fontSize": 16,
            "fontWeight": "500",
          },
        ]
      }
    >
      [missing "en.screens.collectResume.title" translation]
    </Text>
    <View
      style={
        Array [
          Object {
            "flexBasis": 0,
            "flexDirection": "row-reverse",
            "flexGrow": 1,
            "flexShrink": 1,
          },
        ]
      }
    >
      <Text
        allowFontScaling={false}
        onPress={[Function]}
        style={
          Array [
            Object {
              "color": "#FFFFFF",
              "fontSize": 25,
            },
            Array [
              Object {},
            ],
            Object {
              "fontFamily": "Feather",
              "fontStyle": "normal",
              "fontWeight": "normal",
            },
            Object {},
          ]
        }
      >
        
      </Text>
    </View>
  </View>,
  <View
    style={
      Array [
        Object {
          "backgroundColor": "#F5F4F4",
          "flexBasis": 0,
          "flexGrow": 1,
          "flexShrink": 1,
        },
      ]
    }
  >
    <RCTScrollView
      contentContainerStyle={
        Object {
          "padding": 20,
        }
      }
      showsVerticalScrollIndicator={false}
      style={
        Array [
          Object {},
        ]
      }
      vertical={true}
    >
      <View>
        <View
          style={
            Array [
              Object {
                "backgroundColor": "#FFFFFF",
                "borderRadius": 5,
                "marginBottom": 10,
              },
            ]
          }
        >
          <View
            hasBorder={false}
            style={
              Array [
                Object {
                  "alignItems": "center",
                  "borderBottomColor": "#E2E2E2",
                  "borderBottomWidth": 0,
                  "flexDirection": "row",
                  "justifyContent": "space-between",
                  "paddingBottom": 10,
                  "paddingLeft": 20,
                  "paddingRight": 20,
                  "paddingTop": 10,
                },
              ]
            }
          >
            <Text
              style={
                Array [
                  Object {
                    "color": "#3C3C3C",
                    "fontFamily": "Proxima-Bold",
                    "fontSize": 16,
                    "fontWeight": "500",
                  },
                ]
              }
            >
              
            </Text>
          </View>
          <View
            style={
              Array [
                Object {
                  "flexBasis": 0,
                  "flexGrow": 1,
                  "flexShrink": 1,
                  "paddingBottom": 10,
                  "paddingLeft": 10,
                  "paddingRight": 10,
                  "paddingTop": 10,
                },
              ]
            }
          >
            <View
              style={
                Array [
                  Object {
                    "alignItems": "center",
                    "flexDirection": "row",
                    "justifyContent": "space-between",
                  },
                ]
              }
            >
              <Text
                style={
                  Array [
                    Object {
                      "color": "#515151",
                      "fontFamily": "Proxima-Semibold",
                      "fontSize": 14.5,
                      "fontWeight": "400",
                      "marginTop": 5,
                    },
                  ]
                }
              >
                [missing "en.screens.collectResume.work" translation]
              </Text>
              <Text
                style={
                  Array [
                    Object {
                      "color": "#515151",
                      "fontFamily": "Proxima-Semibold",
                      "fontSize": 14.5,
                      "fontWeight": "400",
                      "marginTop": 5,
                    },
                  ]
                }
              >
                
              </Text>
            </View>
            <View
              style={
                Array [
                  Object {
                    "alignItems": "center",
                    "flexDirection": "row",
                    "justifyContent": "space-between",
                  },
                ]
              }
            >
              <Text
                style={
                  Array [
                    Object {
                      "color": "#515151",
                      "fontFamily": "Proxima-Semibold",
                      "fontSize": 14.5,
                      "fontWeight": "400",
                      "marginTop": 5,
                    },
                  ]
                }
              >
                [missing "en.screens.collectResume.contract" translation]
              </Text>
              <Text
                style={
                  Array [
                    Object {
                      "color": "#515151",
                      "fontFamily": "Proxima-Semibold",
                      "fontSize": 14.5,
                      "fontWeight": "400",
                      "marginTop": 5,
                    },
                  ]
                }
              >
                
              </Text>
            </View>
          </View>
        </View>
        <View
          style={
            Array [
              Object {
                "alignItems": "center",
                "flexDirection": "row",
                "justifyContent": "center",
                "marginBottom": 10,
                "marginLeft": 20,
                "marginRight": 20,
                "marginTop": 30,
              },
            ]
          }
        >
          <View
            accessible={true}
            focusable={true}
            onClick={[Function]}
            onResponderGrant={[Function]}
            onResponderMove={[Function]}
            onResponderRelease={[Function]}
            onResponderTerminate={[Function]}
            onResponderTerminationRequest={[Function]}
            onStartShouldSetResponder={[Function]}
            style={
              Object {
                "alignItems": "center",
                "backgroundColor": "#56AA69",
                "borderRadius": 5,
                "flexBasis": 0,
                "flexGrow": 1,
                "flexShrink": 1,
                "justifyContent": "center",
                "minHeight": 50,
                "opacity": 1,
                "position": "relative",
              }
            }
          >
            <Text
              style={
                Array [
                  Object {
                    "color": "#FFFFFF",
                    "fontFamily": "Proxima-Bold",
                    "fontSize": 16,
                    "fontWeight": "500",
                  },
                ]
              }
              textColor="#FFFFFF"
            >
              [missing "en.screens.collectResume.signature" translation]
            </Text>
          </View>
        </View>
      </View>
    </RCTScrollView>
    <Modal
      animationType="fade"
      hardwareAccelerated={false}
      style={
        Array [
          Object {},
        ]
      }
      transparent={true}
      visible={false}
    >
      <View
        style={
          Array [
            Object {
              "backgroundColor": "rgba(0, 0, 0, 0.5)",
              "flexBasis": 0,
              "flexGrow": 1,
              "flexShrink": 1,
            },
          ]
        }
      >
        <View
          style={
            Array [
              Object {
                "backgroundColor": "#FFFFFF",
                "borderTopLeftRadius": 10,
                "borderTopRightRadius": 10,
                "bottom": 0,
                "flexBasis": 0,
                "flexGrow": 1,
                "flexShrink": 1,
                "left": 0,
                "position": "absolute",
                "right": 0,
              },
            ]
          }
        >
          <View
            accessible={true}
            focusable={true}
            onClick={[Function]}
            onResponderGrant={[Function]}
            onResponderMove={[Function]}
            onResponderRelease={[Function]}
            onResponderTerminate={[Function]}
            onResponderTerminationRequest={[Function]}
            onStartShouldSetResponder={[Function]}
            style={
              Object {
                "alignItems": "center",
                "borderTopLeftRadius": 10,
                "borderTopRightRadius": 10,
                "flexDirection": "row",
                "justifyContent": "flex-end",
                "minHeight": 50,
                "opacity": 1,
                "paddingLeft": 20,
                "paddingRight": 20,
              }
            }
          >
            <Text
              allowFontScaling={false}
              style={
                Array [
                  Object {
                    "color": "#3C3C3C",
                    "fontSize": 25,
                  },
                  Array [
                    Object {},
                  ],
                  Object {
                    "fontFamily": "Feather",
                    "fontStyle": "normal",
                    "fontWeight": "normal",
                  },
                  Object {},
                ]
              }
            >
              
            </Text>
          </View>
          <View
            style={
              Array [
                Object {
                  "flexBasis": 0,
                  "flexGrow": 1,
                  "flexShrink": 1,
                  "paddingBottom": 10,
                  "paddingLeft": 20,
                  "paddingRight": 20,
                  "paddingTop": 10,
                },
              ]
            }
          >
            <View
              style={
                Array [
                  Object {
                    "marginBottom": 10,
                  },
                ]
              }
            >
              <Text
                style={
                  Array [
                    Object {
                      "color": "#3C3C3C",
                      "fontFamily": "Proxima-Bold",
                      "fontSize": 16,
                      "fontWeight": "500",
                    },
                  ]
                }
              >
                [missing "en.screens.collectResume.printOS" translation]
              </Text>
            </View>
            <View
              accessible={true}
              focusable={true}
              onClick={[Function]}
              onResponderGrant={[Function]}
              onResponderMove={[Function]}
              onResponderRelease={[Function]}
              onResponderTerminate={[Function]}
              onResponderTerminationRequest={[Function]}
              onStartShouldSetResponder={[Function]}
              style={
                Object {
                  "backgroundColor": "#E2E2E2",
                  "borderRadius": 5,
                  "marginBottom": 10,
                  "opacity": 1,
                  "paddingBottom": 10,
                  "paddingLeft": 20,
                  "paddingRight": 20,
                  "paddingTop": 10,
                }
              }
            >
              <Text
                style={
                  Array [
                    Object {
                      "color": "#3C3C3C",
                      "fontFamily": "Proxima-Bold",
                      "fontSize": 16,
                      "fontWeight": "500",
                    },
                  ]
                }
              >
                [missing "en.screens.collectResume.wifi" translation]
              </Text>
            </View>
            <View
              accessible={true}
              focusable={true}
              onClick={[Function]}
              onResponderGrant={[Function]}
              onResponderMove={[Function]}
              onResponderRelease={[Function]}
              onResponderTerminate={[Function]}
              onResponderTerminationRequest={[Function]}
              onStartShouldSetResponder={[Function]}
              style={
                Object {
                  "backgroundColor": "#E2E2E2",
                  "borderRadius": 5,
                  "marginBottom": 10,
                  "opacity": 1,
                  "paddingBottom": 10,
                  "paddingLeft": 20,
                  "paddingRight": 20,
                  "paddingTop": 10,
                }
              }
            >
              <Text
                style={
                  Array [
                    Object {
                      "color": "#3C3C3C",
                      "fontFamily": "Proxima-Bold",
                      "fontSize": 16,
                      "fontWeight": "500",
                    },
                  ]
                }
              >
                [missing "en.screens.collectResume.bluetooth" translation]
              </Text>
            </View>
          </View>
        </View>
      </View>
    </Modal>
  </View>,
]
`;
